Archive member included to satisfy reference by file (symbol)

/home/user/Ac6/SystemWorkbench/plugins/fr.ac6.mcu.externaltools.arm-none.linux64_1.15.0.201708311556/tools/compiler/bin/../lib/gcc/arm-none-eabi/6.3.1/../../../../arm-none-eabi/lib/thumb/v7-m/libm.a(lib_a-w_atan2.o)
                              src/NazaCanDecoderLib.o (atan2)
/home/user/Ac6/SystemWorkbench/plugins/fr.ac6.mcu.externaltools.arm-none.linux64_1.15.0.201708311556/tools/compiler/bin/../lib/gcc/arm-none-eabi/6.3.1/../../../../arm-none-eabi/lib/thumb/v7-m/libm.a(lib_a-w_sqrt.o)
                              src/NazaCanDecoderLib.o (sqrt)
/home/user/Ac6/SystemWorkbench/plugins/fr.ac6.mcu.externaltools.arm-none.linux64_1.15.0.201708311556/tools/compiler/bin/../lib/gcc/arm-none-eabi/6.3.1/../../../../arm-none-eabi/lib/thumb/v7-m/libm.a(lib_a-e_atan2.o)
                              /home/user/Ac6/SystemWorkbench/plugins/fr.ac6.mcu.externaltools.arm-none.linux64_1.15.0.201708311556/tools/compiler/bin/../lib/gcc/arm-none-eabi/6.3.1/../../../../arm-none-eabi/lib/thumb/v7-m/libm.a(lib_a-w_atan2.o) (__ieee754_atan2)
/home/user/Ac6/SystemWorkbench/plugins/fr.ac6.mcu.externaltools.arm-none.linux64_1.15.0.201708311556/tools/compiler/bin/../lib/gcc/arm-none-eabi/6.3.1/../../../../arm-none-eabi/lib/thumb/v7-m/libm.a(lib_a-e_sqrt.o)
                              /home/user/Ac6/SystemWorkbench/plugins/fr.ac6.mcu.externaltools.arm-none.linux64_1.15.0.201708311556/tools/compiler/bin/../lib/gcc/arm-none-eabi/6.3.1/../../../../arm-none-eabi/lib/thumb/v7-m/libm.a(lib_a-w_sqrt.o) (__ieee754_sqrt)
/home/user/Ac6/SystemWorkbench/plugins/fr.ac6.mcu.externaltools.arm-none.linux64_1.15.0.201708311556/tools/compiler/bin/../lib/gcc/arm-none-eabi/6.3.1/../../../../arm-none-eabi/lib/thumb/v7-m/libm.a(lib_a-s_atan.o)
                              /home/user/Ac6/SystemWorkbench/plugins/fr.ac6.mcu.externaltools.arm-none.linux64_1.15.0.201708311556/tools/compiler/bin/../lib/gcc/arm-none-eabi/6.3.1/../../../../arm-none-eabi/lib/thumb/v7-m/libm.a(lib_a-e_atan2.o) (atan)
/home/user/Ac6/SystemWorkbench/plugins/fr.ac6.mcu.externaltools.arm-none.linux64_1.15.0.201708311556/tools/compiler/bin/../lib/gcc/arm-none-eabi/6.3.1/../../../../arm-none-eabi/lib/thumb/v7-m/libm.a(lib_a-s_fabs.o)
                              /home/user/Ac6/SystemWorkbench/plugins/fr.ac6.mcu.externaltools.arm-none.linux64_1.15.0.201708311556/tools/compiler/bin/../lib/gcc/arm-none-eabi/6.3.1/../../../../arm-none-eabi/lib/thumb/v7-m/libm.a(lib_a-e_atan2.o) (fabs)
/home/user/Ac6/SystemWorkbench/plugins/fr.ac6.mcu.externaltools.arm-none.linux64_1.15.0.201708311556/tools/compiler/bin/../lib/gcc/arm-none-eabi/6.3.1/../../../../arm-none-eabi/lib/thumb/v7-m/libm.a(lib_a-s_lib_ver.o)
                              /home/user/Ac6/SystemWorkbench/plugins/fr.ac6.mcu.externaltools.arm-none.linux64_1.15.0.201708311556/tools/compiler/bin/../lib/gcc/arm-none-eabi/6.3.1/../../../../arm-none-eabi/lib/thumb/v7-m/libm.a(lib_a-w_sqrt.o) (__fdlib_version)
/home/user/Ac6/SystemWorkbench/plugins/fr.ac6.mcu.externaltools.arm-none.linux64_1.15.0.201708311556/tools/compiler/bin/../lib/gcc/arm-none-eabi/6.3.1/../../../../arm-none-eabi/lib/thumb/v7-m/libm.a(lib_a-s_matherr.o)
                              /home/user/Ac6/SystemWorkbench/plugins/fr.ac6.mcu.externaltools.arm-none.linux64_1.15.0.201708311556/tools/compiler/bin/../lib/gcc/arm-none-eabi/6.3.1/../../../../arm-none-eabi/lib/thumb/v7-m/libm.a(lib_a-w_sqrt.o) (matherr)
/home/user/Ac6/SystemWorkbench/plugins/fr.ac6.mcu.externaltools.arm-none.linux64_1.15.0.201708311556/tools/compiler/bin/../lib/gcc/arm-none-eabi/6.3.1/thumb/v7-m/libgcc.a(_arm_addsubdf3.o)
                              src/NazaCanDecoderLib.o (__aeabi_dsub)
/home/user/Ac6/SystemWorkbench/plugins/fr.ac6.mcu.externaltools.arm-none.linux64_1.15.0.201708311556/tools/compiler/bin/../lib/gcc/arm-none-eabi/6.3.1/thumb/v7-m/libgcc.a(_arm_muldivdf3.o)
                              src/NazaCanDecoderLib.o (__aeabi_dmul)
/home/user/Ac6/SystemWorkbench/plugins/fr.ac6.mcu.externaltools.arm-none.linux64_1.15.0.201708311556/tools/compiler/bin/../lib/gcc/arm-none-eabi/6.3.1/thumb/v7-m/libgcc.a(_arm_cmpdf2.o)
                              src/NazaCanDecoderLib.o (__aeabi_dcmplt)
/home/user/Ac6/SystemWorkbench/plugins/fr.ac6.mcu.externaltools.arm-none.linux64_1.15.0.201708311556/tools/compiler/bin/../lib/gcc/arm-none-eabi/6.3.1/thumb/v7-m/libgcc.a(_arm_unorddf2.o)
                              /home/user/Ac6/SystemWorkbench/plugins/fr.ac6.mcu.externaltools.arm-none.linux64_1.15.0.201708311556/tools/compiler/bin/../lib/gcc/arm-none-eabi/6.3.1/../../../../arm-none-eabi/lib/thumb/v7-m/libm.a(lib_a-w_sqrt.o) (__aeabi_dcmpun)
/home/user/Ac6/SystemWorkbench/plugins/fr.ac6.mcu.externaltools.arm-none.linux64_1.15.0.201708311556/tools/compiler/bin/../lib/gcc/arm-none-eabi/6.3.1/thumb/v7-m/libgcc.a(_arm_fixunsdfsi.o)
                              src/NazaCanDecoderLib.o (__aeabi_d2uiz)
[...]
Memory Configuration

Name             Origin             Length             Attributes
RAM              0x0000000020000000 0x0000000000010000 xrw
ROM              0x0000000008000000 0x0000000000080000 xr
*default*        0x0000000000000000 0xffffffffffffffff

Linker script and memory map

LOAD /home/user/Ac6/SystemWorkbench/plugins/fr.ac6.mcu.externaltools.arm-none.linux64_1.15.0.201708311556/tools/compiler/bin/../lib/gcc/arm-none-eabi/6.3.1/thumb/v7-m/crti.o
LOAD /home/user/Ac6/SystemWorkbench/plugins/fr.ac6.mcu.externaltools.arm-none.linux64_1.15.0.201708311556/tools/compiler/bin/../lib/gcc/arm-none-eabi/6.3.1/thumb/v7-m/crtbegin.o
LOAD /home/user/Ac6/SystemWorkbench/plugins/fr.ac6.mcu.externaltools.arm-none.linux64_1.15.0.201708311556/tools/compiler/bin/../lib/gcc/arm-none-eabi/6.3.1/../../../../arm-none-eabi/lib/thumb/v7-m/crt0.o
LOAD CMSIS/core/core_cm3.o
LOAD StdPeriph_Driver/src/misc.o
LOAD StdPeriph_Driver/src/stm32f10x_adc.o
LOAD StdPeriph_Driver/src/stm32f10x_bkp.o
LOAD StdPeriph_Driver/src/stm32f10x_can.o
LOAD StdPeriph_Driver/src/stm32f10x_cec.o
LOAD StdPeriph_Driver/src/stm32f10x_crc.o
LOAD StdPeriph_Driver/src/stm32f10x_dac.o
LOAD StdPeriph_Driver/src/stm32f10x_dbgmcu.o
LOAD StdPeriph_Driver/src/stm32f10x_dma.o
LOAD StdPeriph_Driver/src/stm32f10x_exti.o
LOAD StdPeriph_Driver/src/stm32f10x_flash.o
LOAD StdPeriph_Driver/src/stm32f10x_fsmc.o
LOAD StdPeriph_Driver/src/stm32f10x_gpio.o
LOAD StdPeriph_Driver/src/stm32f10x_i2c.o
LOAD StdPeriph_Driver/src/stm32f10x_iwdg.o
LOAD StdPeriph_Driver/src/stm32f10x_pwr.o
LOAD StdPeriph_Driver/src/stm32f10x_rcc.o
LOAD StdPeriph_Driver/src/stm32f10x_rtc.o
LOAD StdPeriph_Driver/src/stm32f10x_sdio.o
LOAD StdPeriph_Driver/src/stm32f10x_spi.o
LOAD StdPeriph_Driver/src/stm32f10x_tim.o
LOAD StdPeriph_Driver/src/stm32f10x_usart.o
LOAD StdPeriph_Driver/src/stm32f10x_wwdg.o
LOAD src/NazaCanDecoderLib.o
LOAD src/can.o
LOAD src/delay.o
LOAD src/main.o
LOAD src/syscalls.o
LOAD src/system_stm32f10x.o
LOAD src/usart.o
LOAD startup/startup_stm32.o
LOAD /home/user/Ac6/SystemWorkbench/plugins/fr.ac6.mcu.externaltools.arm-none.linux64_1.15.0.201708311556/tools/compiler/bin/../lib/gcc/arm-none-eabi/6.3.1/../../../../arm-none-eabi/lib/thumb/v7-m/libm.a
START GROUP
LOAD /home/user/Ac6/SystemWorkbench/plugins/fr.ac6.mcu.externaltools.arm-none.linux64_1.15.0.201708311556/tools/compiler/bin/../lib/gcc/arm-none-eabi/6.3.1/thumb/v7-m/libgcc.a
LOAD /home/user/Ac6/SystemWorkbench/plugins/fr.ac6.mcu.externaltools.arm-none.linux64_1.15.0.201708311556/tools/compiler/bin/../lib/gcc/arm-none-eabi/6.3.1/../../../../arm-none-eabi/lib/thumb/v7-m/libc.a
END GROUP
LOAD /home/user/Ac6/SystemWorkbench/plugins/fr.ac6.mcu.externaltools.arm-none.linux64_1.15.0.201708311556/tools/compiler/bin/../lib/gcc/arm-none-eabi/6.3.1/thumb/v7-m/crtend.o
LOAD /home/user/Ac6/SystemWorkbench/plugins/fr.ac6.mcu.externaltools.arm-none.linux64_1.15.0.201708311556/tools/compiler/bin/../lib/gcc/arm-none-eabi/6.3.1/thumb/v7-m/crtn.o
                0x0000000020010000                _estack = 0x20010000
                0x0000000000000000                _Min_Heap_Size = 0x0
                0x0000000000000400                _Min_Stack_Size = 0x400

.isr_vector     0x0000000008000000      0x130
                0x0000000008000000                . = ALIGN (0x4)
 *(.isr_vector)
 .isr_vector    0x0000000008000000      0x130 startup/startup_stm32.o
                0x0000000008000000                g_pfnVectors
                0x0000000008000130                . = ALIGN (0x4)

.text           0x0000000008000130     0x8eb0
                0x0000000008000130                . = ALIGN (0x4)
 *(.text)
 .text          0x0000000008000130       0x6c /home/user/Ac6/SystemWorkbench/plugins/fr.ac6.mcu.externaltools.arm-none.linux64_1.15.0.201708311556/tools/compiler/bin/../lib/gcc/arm-none-eabi/6.3.1/thumb/v7-m/crtbegin.o
 .text          0x000000000800019c      0x370 /home/user/Ac6/SystemWorkbench/plugins/fr.ac6.mcu.externaltools.arm-none.linux64_1.15.0.201708311556/tools/compiler/bin/../lib/gcc/arm-none-eabi/6.3.1/thumb/v7-m/libgcc.a(_arm_addsubdf3.o)
                0x000000000800019c                __aeabi_drsub
                0x00000000080001a4                __aeabi_dsub
                0x00000000080001a4                __subdf3
                0x00000000080001a8                __adddf3
                0x00000000080001a8                __aeabi_dadd
                0x0000000008000420                __aeabi_ui2d
                0x0000000008000420                __floatunsidf
                0x0000000008000440                __floatsidf
                0x0000000008000440                __aeabi_i2d
                0x0000000008000464                __extendsfdf2
                0x0000000008000464                __aeabi_f2d
                0x00000000080004a0                __aeabi_ul2d
                0x00000000080004a0                __floatundidf
                0x00000000080004b0                __floatdidf
                0x00000000080004b0                __aeabi_l2d
 .text          0x000000000800050c      0x424 /home/user/Ac6/SystemWorkbench/plugins/fr.ac6.mcu.externaltools.arm-none.linux64_1.15.0.201708311556/tools/compiler/bin/../lib/gcc/arm-none-eabi/6.3.1/thumb/v7-m/libgcc.a(_arm_muldivdf3.o)
                0x000000000800050c                __aeabi_dmul
                0x000000000800050c                __muldf3
                0x0000000008000760                __aeabi_ddiv
                0x0000000008000760                __divdf3
 .text          0x0000000008000930      0x110 /home/user/Ac6/SystemWorkbench/plugins/fr.ac6.mcu.externaltools.arm-none.linux64_1.15.0.201708311556/tools/compiler/bin/../lib/gcc/arm-none-eabi/6.3.1/thumb/v7-m/libgcc.a(_arm_cmpdf2.o)
                0x0000000008000930                __gtdf2
                0x0000000008000930                __gedf2
                0x0000000008000938                __ltdf2
                0x0000000008000938                __ledf2
                0x0000000008000940                __cmpdf2
                0x0000000008000940                __eqdf2
                0x0000000008000940                __nedf2
                0x00000000080009bc                __aeabi_cdrcmple
                0x00000000080009cc                __aeabi_cdcmple
                0x00000000080009cc                __aeabi_cdcmpeq
                0x00000000080009dc                __aeabi_dcmpeq
                0x00000000080009f0                __aeabi_dcmplt
                0x0000000008000a04                __aeabi_dcmple
                0x0000000008000a18                __aeabi_dcmpge
                0x0000000008000a2c                __aeabi_dcmpgt
 .text          0x0000000008000a40       0x2c /home/user/Ac6/SystemWorkbench/plugins/fr.ac6.mcu.externaltools.arm-none.linux64_1.15.0.201708311556/tools/compiler/bin/../lib/gcc/arm-none-eabi/6.3.1/thumb/v7-m/libgcc.a(_arm_unorddf2.o)
                0x0000000008000a40                __aeabi_dcmpun
                0x0000000008000a40                __unorddf2
 .text          0x0000000008000a6c       0x40 /home/user/Ac6/SystemWorkbench/plugins/fr.ac6.mcu.externaltools.arm-none.linux64_1.15.0.201708311556/tools/compiler/bin/../lib/gcc/arm-none-eabi/6.3.1/thumb/v7-m/libgcc.a(_arm_fixunsdfsi.o)
                0x0000000008000a6c                __fixunsdfsi
                0x0000000008000a6c                __aeabi_d2uiz
 .text          0x0000000008000aac      0x21c /home/user/Ac6/SystemWorkbench/plugins/fr.ac6.mcu.externaltools.arm-none.linux64_1.15.0.201708311556/tools/compiler/bin/../lib/gcc/arm-none-eabi/6.3.1/thumb/v7-m/libgcc.a(_arm_addsubsf3.o)
                0x0000000008000aac                __aeabi_frsub
                0x0000000008000ab4                __subsf3
                0x0000000008000ab4                __aeabi_fsub
                0x0000000008000ab8                __aeabi_fadd
                0x0000000008000ab8                __addsf3
                0x0000000008000c18                __aeabi_ui2f
                0x0000000008000c18                __floatunsisf
                0x0000000008000c20                __aeabi_i2f
                0x0000000008000c20                __floatsisf
                0x0000000008000c3c                __floatundisf
                0x0000000008000c3c                __aeabi_ul2f
                0x0000000008000c4c                __floatdisf
                0x0000000008000c4c                __aeabi_l2f
 .text          0x0000000008000cc8      0x2a0 /home/user/Ac6/SystemWorkbench/plugins/fr.ac6.mcu.externaltools.arm-none.linux64_1.15.0.201708311556/tools/compiler/bin/../lib/gcc/arm-none-eabi/6.3.1/thumb/v7-m/libgcc.a(_arm_muldivsf3.o)
                0x0000000008000cc8                __mulsf3
                0x0000000008000cc8                __aeabi_fmul
                0x0000000008000e30                __divsf3
                0x0000000008000e30                __aeabi_fdiv
 .text          0x0000000008000f68       0xec /home/user/Ac6/SystemWorkbench/plugins/fr.ac6.mcu.externaltools.arm-none.linux64_1.15.0.201708311556/tools/compiler/bin/../lib/gcc/arm-none-eabi/6.3.1/../../../../arm-none-eabi/lib/thumb/v7-m/libc.a(lib_a-memcpy.o)
                0x0000000008000f68                memcpy
 .text          0x0000000008001054       0x50 /home/user/Ac6/SystemWorkbench/plugins/fr.ac6.mcu.externaltools.arm-none.linux64_1.15.0.201708311556/tools/compiler/bin/../lib/gcc/arm-none-eabi/6.3.1/thumb/v7-m/libgcc.a(_arm_fixdfsi.o)
                0x0000000008001054                __fixdfsi
                0x0000000008001054                __aeabi_d2iz
 .text          0x00000000080010a4       0x30 /home/user/Ac6/SystemWorkbench/plugins/fr.ac6.mcu.externaltools.arm-none.linux64_1.15.0.201708311556/tools/compiler/bin/../lib/gcc/arm-none-eabi/6.3.1/thumb/v7-m/libgcc.a(_aeabi_uldivmod.o)
                0x00000000080010a4                __aeabi_uldivmod
 .text          0x00000000080010d4      0x2dc /home/user/Ac6/SystemWorkbench/plugins/fr.ac6.mcu.externaltools.arm-none.linux64_1.15.0.201708311556/tools/compiler/bin/../lib/gcc/arm-none-eabi/6.3.1/thumb/v7-m/libgcc.a(_udivmoddi4.o)
                0x00000000080010d4                __udivmoddi4
 .text          0x00000000080013b0        0x4 /home/user/Ac6/SystemWorkbench/plugins/fr.ac6.mcu.externaltools.arm-none.linux64_1.15.0.201708311556/tools/compiler/bin/../lib/gcc/arm-none-eabi/6.3.1/thumb/v7-m/libgcc.a(_dvmd_tls.o)
                0x00000000080013b0                __aeabi_ldiv0
                0x00000000080013b0                __aeabi_idiv0
 *(.text*)
 .text.NVIC_Init
                0x00000000080013b4       0xc4 StdPeriph_Driver/src/misc.o
                0x00000000080013b4                NVIC_Init
 .text.CAN_DeInit
                0x0000000008001478       0x48 StdPeriph_Driver/src/stm32f10x_can.o
                0x0000000008001478                CAN_DeInit
 .text.CAN_Init
                0x00000000080014c0      0x1a0 StdPeriph_Driver/src/stm32f10x_can.o
                0x00000000080014c0                CAN_Init
 .text.CAN_FilterInit
                0x0000000008001660      0x174 StdPeriph_Driver/src/stm32f10x_can.o
                0x0000000008001660                CAN_FilterInit
 .text.CAN_StructInit
                0x00000000080017d4       0x54 StdPeriph_Driver/src/stm32f10x_can.o
                0x00000000080017d4                CAN_StructInit
 .text.CAN_Transmit
                0x0000000008001828      0x19a StdPeriph_Driver/src/stm32f10x_can.o
                0x0000000008001828                CAN_Transmit
 .text.CAN_Receive
                0x00000000080019c2      0x17a StdPeriph_Driver/src/stm32f10x_can.o
                0x00000000080019c2                CAN_Receive
 .text.CAN_ITConfig
                0x0000000008001b3c       0x3a StdPeriph_Driver/src/stm32f10x_can.o
                0x0000000008001b3c                CAN_ITConfig
 *fill*         0x0000000008001b76        0x2 
 .text.CAN_ClearFlag
                0x0000000008001b78       0x70 StdPeriph_Driver/src/stm32f10x_can.o
                0x0000000008001b78                CAN_ClearFlag
 .text.CAN_GetITStatus
                0x0000000008001be8      0x194 StdPeriph_Driver/src/stm32f10x_can.o
                0x0000000008001be8                CAN_GetITStatus
 .text.CAN_ClearITPendingBit
                0x0000000008001d7c       0xdc StdPeriph_Driver/src/stm32f10x_can.o
                0x0000000008001d7c                CAN_ClearITPendingBit
 .text.CheckITStatus
                0x0000000008001e58       0x2e StdPeriph_Driver/src/stm32f10x_can.o
 .text.GPIO_Init
                0x0000000008001e86      0x178 StdPeriph_Driver/src/stm32f10x_gpio.o
                0x0000000008001e86                GPIO_Init
 *fill*         0x0000000008001ffe        0x2 
 .text.RCC_DeInit
                0x0000000008002000       0x5c StdPeriph_Driver/src/stm32f10x_rcc.o
                0x0000000008002000                RCC_DeInit
 .text.RCC_HSEConfig
                0x000000000800205c       0x5c StdPeriph_Driver/src/stm32f10x_rcc.o
                0x000000000800205c                RCC_HSEConfig
 .text.RCC_WaitForHSEStartUp
                0x00000000080020b8       0x50 StdPeriph_Driver/src/stm32f10x_rcc.o
                0x00000000080020b8                RCC_WaitForHSEStartUp
 .text.RCC_PLLConfig
                0x0000000008002108       0x3c StdPeriph_Driver/src/stm32f10x_rcc.o
                0x0000000008002108                RCC_PLLConfig
 .text.RCC_PLLCmd
                0x0000000008002144       0x20 StdPeriph_Driver/src/stm32f10x_rcc.o
                0x0000000008002144                RCC_PLLCmd
 .text.RCC_SYSCLKConfig
                0x0000000008002164       0x38 StdPeriph_Driver/src/stm32f10x_rcc.o
                0x0000000008002164                RCC_SYSCLKConfig
 .text.RCC_GetSYSCLKSource
                0x000000000800219c       0x1c StdPeriph_Driver/src/stm32f10x_rcc.o
                0x000000000800219c                RCC_GetSYSCLKSource
 .text.RCC_HCLKConfig
                0x00000000080021b8       0x38 StdPeriph_Driver/src/stm32f10x_rcc.o
                0x00000000080021b8                RCC_HCLKConfig
 .text.RCC_PCLK1Config
                0x00000000080021f0       0x38 StdPeriph_Driver/src/stm32f10x_rcc.o
                0x00000000080021f0                RCC_PCLK1Config
 .text.RCC_PCLK2Config
                0x0000000008002228       0x38 StdPeriph_Driver/src/stm32f10x_rcc.o
                0x0000000008002228                RCC_PCLK2Config
 .text.RCC_ADCCLKConfig
                0x0000000008002260       0x38 StdPeriph_Driver/src/stm32f10x_rcc.o
                0x0000000008002260                RCC_ADCCLKConfig
 .text.RCC_GetClocksFreq
                0x0000000008002298      0x160 StdPeriph_Driver/src/stm32f10x_rcc.o
                0x0000000008002298                RCC_GetClocksFreq
 .text.RCC_APB2PeriphClockCmd
                0x00000000080023f8       0x3c StdPeriph_Driver/src/stm32f10x_rcc.o
                0x00000000080023f8                RCC_APB2PeriphClockCmd
 .text.RCC_APB1PeriphClockCmd
                0x0000000008002434       0x3c StdPeriph_Driver/src/stm32f10x_rcc.o
                0x0000000008002434                RCC_APB1PeriphClockCmd
 .text.RCC_APB1PeriphResetCmd
                0x0000000008002470       0x3c StdPeriph_Driver/src/stm32f10x_rcc.o
                0x0000000008002470                RCC_APB1PeriphResetCmd
 .text.RCC_GetFlagStatus
                0x00000000080024ac       0x74 StdPeriph_Driver/src/stm32f10x_rcc.o
                0x00000000080024ac                RCC_GetFlagStatus
 .text.USART_Init
                0x0000000008002520      0x174 StdPeriph_Driver/src/stm32f10x_usart.o
                0x0000000008002520                USART_Init
 .text.USART_Cmd
                0x0000000008002694       0x3e StdPeriph_Driver/src/stm32f10x_usart.o
                0x0000000008002694                USART_Cmd
 .text.USART_ITConfig
                0x00000000080026d2       0x8e StdPeriph_Driver/src/stm32f10x_usart.o
                0x00000000080026d2                USART_ITConfig
 .text.USART_SendData
                0x0000000008002760       0x22 StdPeriph_Driver/src/stm32f10x_usart.o
                0x0000000008002760                USART_SendData
 .text.USART_ReceiveData
                0x0000000008002782       0x1e StdPeriph_Driver/src/stm32f10x_usart.o
                0x0000000008002782                USART_ReceiveData
 .text.USART_GetFlagStatus
                0x00000000080027a0       0x36 StdPeriph_Driver/src/stm32f10x_usart.o
                0x00000000080027a0                USART_GetFlagStatus
 *fill*         0x00000000080027d6        0x2 
 .text.nazaDecode_getAlt
                0x00000000080027d8       0x18 src/NazaCanDecoderLib.o
                0x00000000080027d8                nazaDecode_getAlt
 .text.nazaDecode_getPitch
                0x00000000080027f0       0x18 src/NazaCanDecoderLib.o
                0x00000000080027f0                nazaDecode_getPitch
 .text.nazaDecode_getRoll
                0x0000000008002808       0x18 src/NazaCanDecoderLib.o
                0x0000000008002808                nazaDecode_getRoll
 .text.nazaDecode_getYear
                0x0000000008002820       0x14 src/NazaCanDecoderLib.o
                0x0000000008002820                nazaDecode_getYear
 .text.nazaDecode_getMonth
                0x0000000008002834       0x14 src/NazaCanDecoderLib.o
                0x0000000008002834                nazaDecode_getMonth
 .text.nazaDecode_getDay
                0x0000000008002848       0x14 src/NazaCanDecoderLib.o
                0x0000000008002848                nazaDecode_getDay
 .text.nazaDecode_getHour
                0x000000000800285c       0x14 src/NazaCanDecoderLib.o
                0x000000000800285c                nazaDecode_getHour
 .text.nazaDecode_getMinute
                0x0000000008002870       0x14 src/NazaCanDecoderLib.o
                0x0000000008002870                nazaDecode_getMinute
 .text.nazaDecode_getSecond
                0x0000000008002884       0x14 src/NazaCanDecoderLib.o
                0x0000000008002884                nazaDecode_getSecond
 .text.nazaDecode_getBattery
                0x0000000008002898       0x14 src/NazaCanDecoderLib.o
                0x0000000008002898                nazaDecode_getBattery
 .text.nazaDecode_getMotorOut
                0x00000000080028ac       0x20 src/NazaCanDecoderLib.o
                0x00000000080028ac                nazaDecode_getMotorOut
 .text.nazaDecode_getRcIn
                0x00000000080028cc       0x20 src/NazaCanDecoderLib.o
                0x00000000080028cc                nazaDecode_getRcIn
 .text.nazaDecode_getMode
                0x00000000080028ec       0x14 src/NazaCanDecoderLib.o
                0x00000000080028ec                nazaDecode_getMode
 .text.NazaCanDecoderLib_Begin
                0x0000000008002900       0x6c src/NazaCanDecoderLib.o
                0x0000000008002900                NazaCanDecoderLib_Begin
 *fill*         0x000000000800296c        0x4 
 .text.NazaCanDecoderLib_Decode
                0x0000000008002970      0xb8c src/NazaCanDecoderLib.o
                0x0000000008002970                NazaCanDecoderLib_Decode
 .text.Heartbeat
                0x00000000080034fc       0xa0 src/NazaCanDecoderLib.o
                0x00000000080034fc                Heartbeat
 .text.CAN_setFilter
                0x000000000800359c       0x52 src/NazaCanDecoderLib.o
                0x000000000800359c                CAN_setFilter
 *fill*         0x00000000080035ee        0x2 
 .text.NVIC_EnableIRQ
                0x00000000080035f0       0x30 src/can.o
 .text.Init_CAN
                0x0000000008003620       0xe8 src/can.o
                0x0000000008003620                Init_CAN
 .text.USB_LP_CAN_RX0_IRQHandler
                0x0000000008003708       0x78 src/can.o
                0x0000000008003708                USB_LP_CAN_RX0_IRQHandler
 .text.NVIC_SetPriority
                0x0000000008003780       0x54 src/delay.o
 .text.SysTick_Config
                0x00000000080037d4       0x44 src/delay.o
 .text.Delay_Init
                0x0000000008003818       0x24 src/delay.o
                0x0000000008003818                Delay_Init
 .text.SysTick_Handler
                0x000000000800383c       0x34 src/delay.o
                0x000000000800383c                SysTick_Handler
 .text.__io_putchar
                0x0000000008003870       0x34 src/main.o
                0x0000000008003870                __io_putchar
 .text.RCC_Config
                0x00000000080038a4       0x7c src/main.o
                0x00000000080038a4                RCC_Config
 .text.main     0x0000000008003920      0x200 src/main.o
                0x0000000008003920                main
 .text._read    0x0000000008003b20       0x3a src/syscalls.o
                0x0000000008003b20                _read
 .text._write   0x0000000008003b5a       0x38 src/syscalls.o
                0x0000000008003b5a                _write
 *fill*         0x0000000008003b92        0x2 
 .text._sbrk    0x0000000008003b94       0x58 src/syscalls.o
                0x0000000008003b94                _sbrk
 .text._close   0x0000000008003bec       0x16 src/syscalls.o
                0x0000000008003bec                _close
 .text._fstat   0x0000000008003c02       0x1e src/syscalls.o
                0x0000000008003c02                _fstat
 .text._isatty  0x0000000008003c20       0x14 src/syscalls.o
                0x0000000008003c20                _isatty
 .text._lseek   0x0000000008003c34       0x18 src/syscalls.o
                0x0000000008003c34                _lseek
 .text.SystemInit
                0x0000000008003c4c       0x68 src/system_stm32f10x.o
                0x0000000008003c4c                SystemInit
 .text.SetSysClock
                0x0000000008003cb4        0xc src/system_stm32f10x.o
 .text.SetSysClockTo72
                0x0000000008003cc0      0x100 src/system_stm32f10x.o
 .text.Init_USART
                0x0000000008003dc0       0xa4 src/usart.o
                0x0000000008003dc0                Init_USART
 .text.USART1_IRQHandler
                0x0000000008003e64       0x88 src/usart.o
                0x0000000008003e64                USART1_IRQHandler
 .text.clear_RXBuffer
                0x0000000008003eec       0x48 src/usart.o
                0x0000000008003eec                clear_RXBuffer
 .text.Reset_Handler
                0x0000000008003f34       0x50 startup/startup_stm32.o
                0x0000000008003f34                Reset_Handler
 .text.Default_Handler
                0x0000000008003f84        0x2 startup/startup_stm32.o
                0x0000000008003f84                EXTI2_IRQHandler
                0x0000000008003f84                TIM8_TRG_COM_IRQHandler
                0x0000000008003f84                TIM8_CC_IRQHandler
                0x0000000008003f84                DebugMon_Handler
                0x0000000008003f84                TIM1_CC_IRQHandler
                0x0000000008003f84                HardFault_Handler
                0x0000000008003f84                TIM6_IRQHandler
                0x0000000008003f84                PVD_IRQHandler
                0x0000000008003f84                SDIO_IRQHandler
                0x0000000008003f84                PendSV_Handler
                0x0000000008003f84                NMI_Handler
                0x0000000008003f84                EXTI3_IRQHandler
                0x0000000008003f84                USB_HP_CAN_TX_IRQHandler
                0x0000000008003f84                EXTI0_IRQHandler
                0x0000000008003f84                I2C2_EV_IRQHandler
                0x0000000008003f84                UsageFault_Handler
                0x0000000008003f84                ADC1_2_IRQHandler
                0x0000000008003f84                SPI1_IRQHandler
                0x0000000008003f84                CAN_SCE_IRQHandler
                0x0000000008003f84                TAMPER_IRQHandler
                0x0000000008003f84                TIM8_UP_IRQHandler
                0x0000000008003f84                DMA2_Channel2_IRQHandler
                0x0000000008003f84                DMA1_Channel4_IRQHandler
                0x0000000008003f84                USART3_IRQHandler
                0x0000000008003f84                RTC_IRQHandler
                0x0000000008003f84                DMA1_Channel7_IRQHandler
                0x0000000008003f84                UART5_IRQHandler
                0x0000000008003f84                ADC3_IRQHandler
                0x0000000008003f84                TIM4_IRQHandler
                0x0000000008003f84                CAN_RX1_IRQHandler
                0x0000000008003f84                DMA2_Channel1_IRQHandler
                0x0000000008003f84                I2C1_EV_IRQHandler
                0x0000000008003f84                DMA1_Channel6_IRQHandler
                0x0000000008003f84                UART4_IRQHandler
                0x0000000008003f84                TIM3_IRQHandler
                0x0000000008003f84                RCC_IRQHandler
                0x0000000008003f84                TIM1_TRG_COM_IRQHandler
                0x0000000008003f84                DMA1_Channel1_IRQHandler
                0x0000000008003f84                Default_Handler
                0x0000000008003f84                EXTI15_10_IRQHandler
                0x0000000008003f84                TIM7_IRQHandler
                0x0000000008003f84                TIM5_IRQHandler
                0x0000000008003f84                EXTI9_5_IRQHandler
                0x0000000008003f84                SPI2_IRQHandler
                0x0000000008003f84                MemManage_Handler
                0x0000000008003f84                SVC_Handler
                0x0000000008003f84                DMA1_Channel5_IRQHandler
                0x0000000008003f84                EXTI4_IRQHandler
                0x0000000008003f84                DMA1_Channel3_IRQHandler
                0x0000000008003f84                FSMC_IRQHandler
                0x0000000008003f84                TIM1_UP_IRQHandler
                0x0000000008003f84                WWDG_IRQHandler
                0x0000000008003f84                TIM2_IRQHandler
                0x0000000008003f84                TIM1_BRK_IRQHandler
                0x0000000008003f84                EXTI1_IRQHandler
                0x0000000008003f84                RTCAlarm_IRQHandler
                0x0000000008003f84                DMA2_Channel4_5_IRQHandler
                0x0000000008003f84                USART2_IRQHandler
                0x0000000008003f84                I2C2_ER_IRQHandler
                0x0000000008003f84                DMA1_Channel2_IRQHandler
                0x0000000008003f84                TIM8_BRK_IRQHandler
                0x0000000008003f84                FLASH_IRQHandler
                0x0000000008003f84                BusFault_Handler
                0x0000000008003f84                SPI3_IRQHandler
                0x0000000008003f84                I2C1_ER_IRQHandler
                0x0000000008003f84                DMA2_Channel3_IRQHandler
 *fill*         0x0000000008003f86        0x2 
 .text.atan2    0x0000000008003f88        0x4 /home/user/Ac6/SystemWorkbench/plugins/fr.ac6.mcu.externaltools.arm-none.linux64_1.15.0.201708311556/tools/compiler/bin/../lib/gcc/arm-none-eabi/6.3.1/../../../../arm-none-eabi/lib/thumb/v7-m/libm.a(lib_a-w_atan2.o)
                0x0000000008003f88                atan2
 .text.sqrt     0x0000000008003f8c       0xbc /home/user/Ac6/SystemWorkbench/plugins/fr.ac6.mcu.externaltools.arm-none.linux64_1.15.0.201708311556/tools/compiler/bin/../lib/gcc/arm-none-eabi/6.3.1/../../../../arm-none-eabi/lib/thumb/v7-m/libm.a(lib_a-w_sqrt.o)
                0x0000000008003f8c                sqrt
 .text.__ieee754_atan2
                0x0000000008004048      0x1d4 /home/user/Ac6/SystemWorkbench/plugins/fr.ac6.mcu.externaltools.arm-none.linux64_1.15.0.201708311556/tools/compiler/bin/../lib/gcc/arm-none-eabi/6.3.1/../../../../arm-none-eabi/lib/thumb/v7-m/libm.a(lib_a-e_atan2.o)
                0x0000000008004048                __ieee754_atan2
 .text.__ieee754_sqrt
                0x000000000800421c      0x178 /home/user/Ac6/SystemWorkbench/plugins/fr.ac6.mcu.externaltools.arm-none.linux64_1.15.0.201708311556/tools/compiler/bin/../lib/gcc/arm-none-eabi/6.3.1/../../../../arm-none-eabi/lib/thumb/v7-m/libm.a(lib_a-e_sqrt.o)
                0x000000000800421c                __ieee754_sqrt
 *fill*         0x0000000008004394        0x4 
 .text.atan     0x0000000008004398      0x344 /home/user/Ac6/SystemWorkbench/plugins/fr.ac6.mcu.externaltools.arm-none.linux64_1.15.0.201708311556/tools/compiler/bin/../lib/gcc/arm-none-eabi/6.3.1/../../../../arm-none-eabi/lib/thumb/v7-m/libm.a(lib_a-s_atan.o)
                0x0000000008004398                atan
 .text.fabs     0x00000000080046dc        0x8 /home/user/Ac6/SystemWorkbench/plugins/fr.ac6.mcu.externaltools.arm-none.linux64_1.15.0.201708311556/tools/compiler/bin/../lib/gcc/arm-none-eabi/6.3.1/../../../../arm-none-eabi/lib/thumb/v7-m/libm.a(lib_a-s_fabs.o)
                0x00000000080046dc                fabs
 .text.matherr  0x00000000080046e4        0x4 /home/user/Ac6/SystemWorkbench/plugins/fr.ac6.mcu.externaltools.arm-none.linux64_1.15.0.201708311556/tools/compiler/bin/../lib/gcc/arm-none-eabi/6.3.1/../../../../arm-none-eabi/lib/thumb/v7-m/libm.a(lib_a-s_matherr.o)
                0x00000000080046e4                matherr
 .text.__errno  0x00000000080046e8        0xc /home/user/Ac6/SystemWorkbench/plugins/fr.ac6.mcu.externaltools.arm-none.linux64_1.15.0.201708311556/tools/compiler/bin/../lib/gcc/arm-none-eabi/6.3.1/../../../../arm-none-eabi/lib/thumb/v7-m/libc.a(lib_a-errno.o)
                0x00000000080046e8                __errno
 .text.__libc_init_array
                0x00000000080046f4       0x50 /home/user/Ac6/SystemWorkbench/plugins/fr.ac6.mcu.externaltools.arm-none.linux64_1.15.0.201708311556/tools/compiler/bin/../lib/gcc/arm-none-eabi/6.3.1/../../../../arm-none-eabi/lib/thumb/v7-m/libc.a(lib_a-init.o)
                0x00000000080046f4                __libc_init_array
 .text.memset   0x0000000008004744       0x9c /home/user/Ac6/SystemWorkbench/plugins/fr.ac6.mcu.externaltools.arm-none.linux64_1.15.0.201708311556/tools/compiler/bin/../lib/gcc/arm-none-eabi/6.3.1/../../../../arm-none-eabi/lib/thumb/v7-m/libc.a(lib_a-memset.o)
                0x0000000008004744                memset
 .text.printf   0x00000000080047e0       0x28 /home/user/Ac6/SystemWorkbench/plugins/fr.ac6.mcu.externaltools.arm-none.linux64_1.15.0.201708311556/tools/compiler/bin/../lib/gcc/arm-none-eabi/6.3.1/../../../../arm-none-eabi/lib/thumb/v7-m/libc.a(lib_a-printf.o)
                0x00000000080047e0                printf
 .text._puts_r  0x0000000008004808       0x9c /home/user/Ac6/SystemWorkbench/plugins/fr.ac6.mcu.externaltools.arm-none.linux64_1.15.0.201708311556/tools/compiler/bin/../lib/gcc/arm-none-eabi/6.3.1/../../../../arm-none-eabi/lib/thumb/v7-m/libc.a(lib_a-puts.o)
                0x0000000008004808                _puts_r
 .text.puts     0x00000000080048a4       0x10 /home/user/Ac6/SystemWorkbench/plugins/fr.ac6.mcu.externaltools.arm-none.linux64_1.15.0.201708311556/tools/compiler/bin/../lib/gcc/arm-none-eabi/6.3.1/../../../../arm-none-eabi/lib/thumb/v7-m/libc.a(lib_a-puts.o)
                0x00000000080048a4                puts
 .text.strlen   0x00000000080048b4       0x5c /home/user/Ac6/SystemWorkbench/plugins/fr.ac6.mcu.externaltools.arm-none.linux64_1.15.0.201708311556/tools/compiler/bin/../lib/gcc/arm-none-eabi/6.3.1/../../../../arm-none-eabi/lib/thumb/v7-m/libc.a(lib_a-strlen-stub.o)
                0x00000000080048b4                strlen
 .text._vfprintf_r
                0x0000000008004910     0x15e8 /home/user/Ac6/SystemWorkbench/plugins/fr.ac6.mcu.externaltools.arm-none.linux64_1.15.0.201708311556/tools/compiler/bin/../lib/gcc/arm-none-eabi/6.3.1/../../../../arm-none-eabi/lib/thumb/v7-m/libc.a(lib_a-vfprintf.o)
                0x0000000008004910                _vfprintf_r
 .text.__sbprintf
                0x0000000008005ef8       0x88 /home/user/Ac6/SystemWorkbench/plugins/fr.ac6.mcu.externaltools.arm-none.linux64_1.15.0.201708311556/tools/compiler/bin/../lib/gcc/arm-none-eabi/6.3.1/../../../../arm-none-eabi/lib/thumb/v7-m/libc.a(lib_a-vfprintf.o)
 .text.__swsetup_r
                0x0000000008005f80       0xc8 /home/user/Ac6/SystemWorkbench/plugins/fr.ac6.mcu.externaltools.arm-none.linux64_1.15.0.201708311556/tools/compiler/bin/../lib/gcc/arm-none-eabi/6.3.1/../../../../arm-none-eabi/lib/thumb/v7-m/libc.a(lib_a-wsetup.o)
                0x0000000008005f80                __swsetup_r
 .text.startup.register_fini
                0x0000000008006048       0x14 /home/user/Ac6/SystemWorkbench/plugins/fr.ac6.mcu.externaltools.arm-none.linux64_1.15.0.201708311556/tools/compiler/bin/../lib/gcc/arm-none-eabi/6.3.1/../../../../arm-none-eabi/lib/thumb/v7-m/libc.a(lib_a-__call_atexit.o)
 .text.atexit   0x000000000800605c        0xc /home/user/Ac6/SystemWorkbench/plugins/fr.ac6.mcu.externaltools.arm-none.linux64_1.15.0.201708311556/tools/compiler/bin/../lib/gcc/arm-none-eabi/6.3.1/../../../../arm-none-eabi/lib/thumb/v7-m/libc.a(lib_a-atexit.o)
                0x000000000800605c                atexit
 .text.quorem   0x0000000008006068      0x128 /home/user/Ac6/SystemWorkbench/plugins/fr.ac6.mcu.externaltools.arm-none.linux64_1.15.0.201708311556/tools/compiler/bin/../lib/gcc/arm-none-eabi/6.3.1/../../../../arm-none-eabi/lib/thumb/v7-m/libc.a(lib_a-dtoa.o)
 .text._dtoa_r  0x0000000008006190      0xe44 /home/user/Ac6/SystemWorkbench/plugins/fr.ac6.mcu.externaltools.arm-none.linux64_1.15.0.201708311556/tools/compiler/bin/../lib/gcc/arm-none-eabi/6.3.1/../../../../arm-none-eabi/lib/thumb/v7-m/libc.a(lib_a-dtoa.o)
                0x0000000008006190                _dtoa_r
 .text.__sflush_r
                0x0000000008006fd4      0x138 /home/user/Ac6/SystemWorkbench/plugins/fr.ac6.mcu.externaltools.arm-none.linux64_1.15.0.201708311556/tools/compiler/bin/../lib/gcc/arm-none-eabi/6.3.1/../../../../arm-none-eabi/lib/thumb/v7-m/libc.a(lib_a-fflush.o)
                0x0000000008006fd4                __sflush_r
 .text._fflush_r
                0x000000000800710c       0x54 /home/user/Ac6/SystemWorkbench/plugins/fr.ac6.mcu.externaltools.arm-none.linux64_1.15.0.201708311556/tools/compiler/bin/../lib/gcc/arm-none-eabi/6.3.1/../../../../arm-none-eabi/lib/thumb/v7-m/libc.a(lib_a-fflush.o)
                0x000000000800710c                _fflush_r
 .text._cleanup_r
                0x0000000008007160        0xc /home/user/Ac6/SystemWorkbench/plugins/fr.ac6.mcu.externaltools.arm-none.linux64_1.15.0.201708311556/tools/compiler/bin/../lib/gcc/arm-none-eabi/6.3.1/../../../../arm-none-eabi/lib/thumb/v7-m/libc.a(lib_a-findfp.o)
                0x0000000008007160                _cleanup_r
 .text.std.isra.0
                0x000000000800716c       0x50 /home/user/Ac6/SystemWorkbench/plugins/fr.ac6.mcu.externaltools.arm-none.linux64_1.15.0.201708311556/tools/compiler/bin/../lib/gcc/arm-none-eabi/6.3.1/../../../../arm-none-eabi/lib/thumb/v7-m/libc.a(lib_a-findfp.o)
 .text.__sinit  0x00000000080071bc       0x60 /home/user/Ac6/SystemWorkbench/plugins/fr.ac6.mcu.externaltools.arm-none.linux64_1.15.0.201708311556/tools/compiler/bin/../lib/gcc/arm-none-eabi/6.3.1/../../../../arm-none-eabi/lib/thumb/v7-m/libc.a(lib_a-findfp.o)
                0x00000000080071bc                __sinit
 .text.__sfp_lock_acquire
                0x000000000800721c        0xc /home/user/Ac6/SystemWorkbench/plugins/fr.ac6.mcu.externaltools.arm-none.linux64_1.15.0.201708311556/tools/compiler/bin/../lib/gcc/arm-none-eabi/6.3.1/../../../../arm-none-eabi/lib/thumb/v7-m/libc.a(lib_a-findfp.o)
                0x000000000800721c                __sfp_lock_acquire
 .text.__sfp_lock_release
                0x0000000008007228        0xc /home/user/Ac6/SystemWorkbench/plugins/fr.ac6.mcu.externaltools.arm-none.linux64_1.15.0.201708311556/tools/compiler/bin/../lib/gcc/arm-none-eabi/6.3.1/../../../../arm-none-eabi/lib/thumb/v7-m/libc.a(lib_a-findfp.o)
                0x0000000008007228                __sfp_lock_release
 .text.__libc_fini_array
                0x0000000008007234       0x34 /home/user/Ac6/SystemWorkbench/plugins/fr.ac6.mcu.externaltools.arm-none.linux64_1.15.0.201708311556/tools/compiler/bin/../lib/gcc/arm-none-eabi/6.3.1/../../../../arm-none-eabi/lib/thumb/v7-m/libc.a(lib_a-fini.o)
                0x0000000008007234                __libc_fini_array
 .text._malloc_trim_r
                0x0000000008007268       0xa0 /home/user/Ac6/SystemWorkbench/plugins/fr.ac6.mcu.externaltools.arm-none.linux64_1.15.0.201708311556/tools/compiler/bin/../lib/gcc/arm-none-eabi/6.3.1/../../../../arm-none-eabi/lib/thumb/v7-m/libc.a(lib_a-freer.o)
                0x0000000008007268                _malloc_trim_r
 .text._free_r  0x0000000008007308      0x1cc /home/user/Ac6/SystemWorkbench/plugins/fr.ac6.mcu.externaltools.arm-none.linux64_1.15.0.201708311556/tools/compiler/bin/../lib/gcc/arm-none-eabi/6.3.1/../../../../arm-none-eabi/lib/thumb/v7-m/libc.a(lib_a-freer.o)
                0x0000000008007308                _free_r
 .text.__sfvwrite_r
                0x00000000080074d4      0x2f4 /home/user/Ac6/SystemWorkbench/plugins/fr.ac6.mcu.externaltools.arm-none.linux64_1.15.0.201708311556/tools/compiler/bin/../lib/gcc/arm-none-eabi/6.3.1/../../../../arm-none-eabi/lib/thumb/v7-m/libc.a(lib_a-fvwrite.o)
                0x00000000080074d4                __sfvwrite_r
 .text._fwalk_reent
                0x00000000080077c8       0x50 /home/user/Ac6/SystemWorkbench/plugins/fr.ac6.mcu.externaltools.arm-none.linux64_1.15.0.201708311556/tools/compiler/bin/../lib/gcc/arm-none-eabi/6.3.1/../../../../arm-none-eabi/lib/thumb/v7-m/libc.a(lib_a-fwalk.o)
                0x00000000080077c8                _fwalk_reent
 .text._localeconv_r
                0x0000000008007818       0x1c /home/user/Ac6/SystemWorkbench/plugins/fr.ac6.mcu.externaltools.arm-none.linux64_1.15.0.201708311556/tools/compiler/bin/../lib/gcc/arm-none-eabi/6.3.1/../../../../arm-none-eabi/lib/thumb/v7-m/libc.a(lib_a-localeconv.o)
                0x0000000008007818                _localeconv_r
 .text.__retarget_lock_init_recursive
                0x0000000008007834        0x4 /home/user/Ac6/SystemWorkbench/plugins/fr.ac6.mcu.externaltools.arm-none.linux64_1.15.0.201708311556/tools/compiler/bin/../lib/gcc/arm-none-eabi/6.3.1/../../../../arm-none-eabi/lib/thumb/v7-m/libc.a(lib_a-lock.o)
                0x0000000008007834                __retarget_lock_init_recursive
 .text.__retarget_lock_close_recursive
                0x0000000008007838        0x4 /home/user/Ac6/SystemWorkbench/plugins/fr.ac6.mcu.externaltools.arm-none.linux64_1.15.0.201708311556/tools/compiler/bin/../lib/gcc/arm-none-eabi/6.3.1/../../../../arm-none-eabi/lib/thumb/v7-m/libc.a(lib_a-lock.o)
                0x0000000008007838                __retarget_lock_close_recursive
 .text.__retarget_lock_acquire_recursive
                0x000000000800783c        0x4 /home/user/Ac6/SystemWorkbench/plugins/fr.ac6.mcu.externaltools.arm-none.linux64_1.15.0.201708311556/tools/compiler/bin/../lib/gcc/arm-none-eabi/6.3.1/../../../../arm-none-eabi/lib/thumb/v7-m/libc.a(lib_a-lock.o)
                0x000000000800783c                __retarget_lock_acquire_recursive
 .text.__retarget_lock_release_recursive
                0x0000000008007840        0x4 /home/user/Ac6/SystemWorkbench/plugins/fr.ac6.mcu.externaltools.arm-none.linux64_1.15.0.201708311556/tools/compiler/bin/../lib/gcc/arm-none-eabi/6.3.1/../../../../arm-none-eabi/lib/thumb/v7-m/libc.a(lib_a-lock.o)
                0x0000000008007840                __retarget_lock_release_recursive
 .text.__swhatbuf_r
                0x0000000008007844       0x5c /home/user/Ac6/SystemWorkbench/plugins/fr.ac6.mcu.externaltools.arm-none.linux64_1.15.0.201708311556/tools/compiler/bin/../lib/gcc/arm-none-eabi/6.3.1/../../../../arm-none-eabi/lib/thumb/v7-m/libc.a(lib_a-makebuf.o)
                0x0000000008007844                __swhatbuf_r
 .text.__smakebuf_r
                0x00000000080078a0       0x94 /home/user/Ac6/SystemWorkbench/plugins/fr.ac6.mcu.externaltools.arm-none.linux64_1.15.0.201708311556/tools/compiler/bin/../lib/gcc/arm-none-eabi/6.3.1/../../../../arm-none-eabi/lib/thumb/v7-m/libc.a(lib_a-makebuf.o)
                0x00000000080078a0                __smakebuf_r
 .text._malloc_r
                0x0000000008007934      0x544 /home/user/Ac6/SystemWorkbench/plugins/fr.ac6.mcu.externaltools.arm-none.linux64_1.15.0.201708311556/tools/compiler/bin/../lib/gcc/arm-none-eabi/6.3.1/../../../../arm-none-eabi/lib/thumb/v7-m/libc.a(lib_a-mallocr.o)
                0x0000000008007934                _malloc_r
 .text.memchr   0x0000000008007e78       0x8c /home/user/Ac6/SystemWorkbench/plugins/fr.ac6.mcu.externaltools.arm-none.linux64_1.15.0.201708311556/tools/compiler/bin/../lib/gcc/arm-none-eabi/6.3.1/../../../../arm-none-eabi/lib/thumb/v7-m/libc.a(lib_a-memchr-stub.o)
                0x0000000008007e78                memchr
 .text.memmove  0x0000000008007f04       0xc8 /home/user/Ac6/SystemWorkbench/plugins/fr.ac6.mcu.externaltools.arm-none.linux64_1.15.0.201708311556/tools/compiler/bin/../lib/gcc/arm-none-eabi/6.3.1/../../../../arm-none-eabi/lib/thumb/v7-m/libc.a(lib_a-memmove.o)
                0x0000000008007f04                memmove
 .text.__malloc_lock
                0x0000000008007fcc        0xc /home/user/Ac6/SystemWorkbench/plugins/fr.ac6.mcu.externaltools.arm-none.linux64_1.15.0.201708311556/tools/compiler/bin/../lib/gcc/arm-none-eabi/6.3.1/../../../../arm-none-eabi/lib/thumb/v7-m/libc.a(lib_a-mlock.o)
                0x0000000008007fcc                __malloc_lock
 .text.__malloc_unlock
                0x0000000008007fd8        0xc /home/user/Ac6/SystemWorkbench/plugins/fr.ac6.mcu.externaltools.arm-none.linux64_1.15.0.201708311556/tools/compiler/bin/../lib/gcc/arm-none-eabi/6.3.1/../../../../arm-none-eabi/lib/thumb/v7-m/libc.a(lib_a-mlock.o)
                0x0000000008007fd8                __malloc_unlock
 .text._Balloc  0x0000000008007fe4       0x4c /home/user/Ac6/SystemWorkbench/plugins/fr.ac6.mcu.externaltools.arm-none.linux64_1.15.0.201708311556/tools/compiler/bin/../lib/gcc/arm-none-eabi/6.3.1/../../../../arm-none-eabi/lib/thumb/v7-m/libc.a(lib_a-mprec.o)
                0x0000000008007fe4                _Balloc
 .text._Bfree   0x0000000008008030       0x14 /home/user/Ac6/SystemWorkbench/plugins/fr.ac6.mcu.externaltools.arm-none.linux64_1.15.0.201708311556/tools/compiler/bin/../lib/gcc/arm-none-eabi/6.3.1/../../../../arm-none-eabi/lib/thumb/v7-m/libc.a(lib_a-mprec.o)
                0x0000000008008030                _Bfree
 .text.__multadd
                0x0000000008008044       0x84 /home/user/Ac6/SystemWorkbench/plugins/fr.ac6.mcu.externaltools.arm-none.linux64_1.15.0.201708311556/tools/compiler/bin/../lib/gcc/arm-none-eabi/6.3.1/../../../../arm-none-eabi/lib/thumb/v7-m/libc.a(lib_a-mprec.o)
                0x0000000008008044                __multadd
 .text.__hi0bits
                0x00000000080080c8       0x40 /home/user/Ac6/SystemWorkbench/plugins/fr.ac6.mcu.externaltools.arm-none.linux64_1.15.0.201708311556/tools/compiler/bin/../lib/gcc/arm-none-eabi/6.3.1/../../../../arm-none-eabi/lib/thumb/v7-m/libc.a(lib_a-mprec.o)
                0x00000000080080c8                __hi0bits
 .text.__lo0bits
                0x0000000008008108       0x60 /home/user/Ac6/SystemWorkbench/plugins/fr.ac6.mcu.externaltools.arm-none.linux64_1.15.0.201708311556/tools/compiler/bin/../lib/gcc/arm-none-eabi/6.3.1/../../../../arm-none-eabi/lib/thumb/v7-m/libc.a(lib_a-mprec.o)
                0x0000000008008108                __lo0bits
 .text.__i2b    0x0000000008008168       0x14 /home/user/Ac6/SystemWorkbench/plugins/fr.ac6.mcu.externaltools.arm-none.linux64_1.15.0.201708311556/tools/compiler/bin/../lib/gcc/arm-none-eabi/6.3.1/../../../../arm-none-eabi/lib/thumb/v7-m/libc.a(lib_a-mprec.o)
                0x0000000008008168                __i2b
 .text.__multiply
                0x000000000800817c      0x124 /home/user/Ac6/SystemWorkbench/plugins/fr.ac6.mcu.externaltools.arm-none.linux64_1.15.0.201708311556/tools/compiler/bin/../lib/gcc/arm-none-eabi/6.3.1/../../../../arm-none-eabi/lib/thumb/v7-m/libc.a(lib_a-mprec.o)
                0x000000000800817c                __multiply
 .text.__pow5mult
                0x00000000080082a0       0xa0 /home/user/Ac6/SystemWorkbench/plugins/fr.ac6.mcu.externaltools.arm-none.linux64_1.15.0.201708311556/tools/compiler/bin/../lib/gcc/arm-none-eabi/6.3.1/../../../../arm-none-eabi/lib/thumb/v7-m/libc.a(lib_a-mprec.o)
                0x00000000080082a0                __pow5mult
 .text.__lshift
                0x0000000008008340       0xa0 /home/user/Ac6/SystemWorkbench/plugins/fr.ac6.mcu.externaltools.arm-none.linux64_1.15.0.201708311556/tools/compiler/bin/../lib/gcc/arm-none-eabi/6.3.1/../../../../arm-none-eabi/lib/thumb/v7-m/libc.a(lib_a-mprec.o)
                0x0000000008008340                __lshift
 .text.__mcmp   0x00000000080083e0       0x38 /home/user/Ac6/SystemWorkbench/plugins/fr.ac6.mcu.externaltools.arm-none.linux64_1.15.0.201708311556/tools/compiler/bin/../lib/gcc/arm-none-eabi/6.3.1/../../../../arm-none-eabi/lib/thumb/v7-m/libc.a(lib_a-mprec.o)
                0x00000000080083e0                __mcmp
 .text.__mdiff  0x0000000008008418      0x11c /home/user/Ac6/SystemWorkbench/plugins/fr.ac6.mcu.externaltools.arm-none.linux64_1.15.0.201708311556/tools/compiler/bin/../lib/gcc/arm-none-eabi/6.3.1/../../../../arm-none-eabi/lib/thumb/v7-m/libc.a(lib_a-mprec.o)
                0x0000000008008418                __mdiff
 .text.__d2b    0x0000000008008534       0xa8 /home/user/Ac6/SystemWorkbench/plugins/fr.ac6.mcu.externaltools.arm-none.linux64_1.15.0.201708311556/tools/compiler/bin/../lib/gcc/arm-none-eabi/6.3.1/../../../../arm-none-eabi/lib/thumb/v7-m/libc.a(lib_a-mprec.o)
                0x0000000008008534                __d2b
 .text._realloc_r
                0x00000000080085dc      0x36c /home/user/Ac6/SystemWorkbench/plugins/fr.ac6.mcu.externaltools.arm-none.linux64_1.15.0.201708311556/tools/compiler/bin/../lib/gcc/arm-none-eabi/6.3.1/../../../../arm-none-eabi/lib/thumb/v7-m/libc.a(lib_a-reallocr.o)
                0x00000000080085dc                _realloc_r
 .text._sbrk_r  0x0000000008008948       0x24 /home/user/Ac6/SystemWorkbench/plugins/fr.ac6.mcu.externaltools.arm-none.linux64_1.15.0.201708311556/tools/compiler/bin/../lib/gcc/arm-none-eabi/6.3.1/../../../../arm-none-eabi/lib/thumb/v7-m/libc.a(lib_a-sbrkr.o)
                0x0000000008008948                _sbrk_r
 .text.__sread  0x000000000800896c       0x24 /home/user/Ac6/SystemWorkbench/plugins/fr.ac6.mcu.externaltools.arm-none.linux64_1.15.0.201708311556/tools/compiler/bin/../lib/gcc/arm-none-eabi/6.3.1/../../../../arm-none-eabi/lib/thumb/v7-m/libc.a(lib_a-stdio.o)
                0x000000000800896c                __sread
 .text.__swrite
                0x0000000008008990       0x3c /home/user/Ac6/SystemWorkbench/plugins/fr.ac6.mcu.externaltools.arm-none.linux64_1.15.0.201708311556/tools/compiler/bin/../lib/gcc/arm-none-eabi/6.3.1/../../../../arm-none-eabi/lib/thumb/v7-m/libc.a(lib_a-stdio.o)
                0x0000000008008990                __swrite
 .text.__sseek  0x00000000080089cc       0x20 /home/user/Ac6/SystemWorkbench/plugins/fr.ac6.mcu.externaltools.arm-none.linux64_1.15.0.201708311556/tools/compiler/bin/../lib/gcc/arm-none-eabi/6.3.1/../../../../arm-none-eabi/lib/thumb/v7-m/libc.a(lib_a-stdio.o)
                0x00000000080089cc                __sseek
 .text.__sclose
                0x00000000080089ec        0x8 /home/user/Ac6/SystemWorkbench/plugins/fr.ac6.mcu.externaltools.arm-none.linux64_1.15.0.201708311556/tools/compiler/bin/../lib/gcc/arm-none-eabi/6.3.1/../../../../arm-none-eabi/lib/thumb/v7-m/libc.a(lib_a-stdio.o)
                0x00000000080089ec                __sclose
 .text.__sprint_r.part.0
                0x00000000080089f4       0x80 /home/user/Ac6/SystemWorkbench/plugins/fr.ac6.mcu.externaltools.arm-none.linux64_1.15.0.201708311556/tools/compiler/bin/../lib/gcc/arm-none-eabi/6.3.1/../../../../arm-none-eabi/lib/thumb/v7-m/libc.a(lib_a-vfiprintf.o)
 .text.__sprint_r
                0x0000000008008a74       0x14 /home/user/Ac6/SystemWorkbench/plugins/fr.ac6.mcu.externaltools.arm-none.linux64_1.15.0.201708311556/tools/compiler/bin/../lib/gcc/arm-none-eabi/6.3.1/../../../../arm-none-eabi/lib/thumb/v7-m/libc.a(lib_a-vfiprintf.o)
                0x0000000008008a74                __sprint_r
 .text._write_r
                0x0000000008008a88       0x2c /home/user/Ac6/SystemWorkbench/plugins/fr.ac6.mcu.externaltools.arm-none.linux64_1.15.0.201708311556/tools/compiler/bin/../lib/gcc/arm-none-eabi/6.3.1/../../../../arm-none-eabi/lib/thumb/v7-m/libc.a(lib_a-writer.o)
                0x0000000008008a88                _write_r
 .text.__register_exitproc
                0x0000000008008ab4       0xc4 /home/user/Ac6/SystemWorkbench/plugins/fr.ac6.mcu.externaltools.arm-none.linux64_1.15.0.201708311556/tools/compiler/bin/../lib/gcc/arm-none-eabi/6.3.1/../../../../arm-none-eabi/lib/thumb/v7-m/libc.a(lib_a-__atexit.o)
                0x0000000008008ab4                __register_exitproc
 .text._calloc_r
                0x0000000008008b78       0x60 /home/user/Ac6/SystemWorkbench/plugins/fr.ac6.mcu.externaltools.arm-none.linux64_1.15.0.201708311556/tools/compiler/bin/../lib/gcc/arm-none-eabi/6.3.1/../../../../arm-none-eabi/lib/thumb/v7-m/libc.a(lib_a-callocr.o)
                0x0000000008008b78                _calloc_r
 .text._close_r
                0x0000000008008bd8       0x24 /home/user/Ac6/SystemWorkbench/plugins/fr.ac6.mcu.externaltools.arm-none.linux64_1.15.0.201708311556/tools/compiler/bin/../lib/gcc/arm-none-eabi/6.3.1/../../../../arm-none-eabi/lib/thumb/v7-m/libc.a(lib_a-closer.o)
                0x0000000008008bd8                _close_r
 .text._fclose_r
                0x0000000008008bfc       0xc4 /home/user/Ac6/SystemWorkbench/plugins/fr.ac6.mcu.externaltools.arm-none.linux64_1.15.0.201708311556/tools/compiler/bin/../lib/gcc/arm-none-eabi/6.3.1/../../../../arm-none-eabi/lib/thumb/v7-m/libc.a(lib_a-fclose.o)
                0x0000000008008bfc                _fclose_r
 .text.__fputwc
                0x0000000008008cc0       0x98 /home/user/Ac6/SystemWorkbench/plugins/fr.ac6.mcu.externaltools.arm-none.linux64_1.15.0.201708311556/tools/compiler/bin/../lib/gcc/arm-none-eabi/6.3.1/../../../../arm-none-eabi/lib/thumb/v7-m/libc.a(lib_a-fputwc.o)
                0x0000000008008cc0                __fputwc
 .text._fputwc_r
                0x0000000008008d58       0x68 /home/user/Ac6/SystemWorkbench/plugins/fr.ac6.mcu.externaltools.arm-none.linux64_1.15.0.201708311556/tools/compiler/bin/../lib/gcc/arm-none-eabi/6.3.1/../../../../arm-none-eabi/lib/thumb/v7-m/libc.a(lib_a-fputwc.o)
                0x0000000008008d58                _fputwc_r
 .text._fstat_r
                0x0000000008008dc0       0x28 /home/user/Ac6/SystemWorkbench/plugins/fr.ac6.mcu.externaltools.arm-none.linux64_1.15.0.201708311556/tools/compiler/bin/../lib/gcc/arm-none-eabi/6.3.1/../../../../arm-none-eabi/lib/thumb/v7-m/libc.a(lib_a-fstatr.o)
                0x0000000008008dc0                _fstat_r
 .text._isatty_r
                0x0000000008008de8       0x24 /home/user/Ac6/SystemWorkbench/plugins/fr.ac6.mcu.externaltools.arm-none.linux64_1.15.0.201708311556/tools/compiler/bin/../lib/gcc/arm-none-eabi/6.3.1/../../../../arm-none-eabi/lib/thumb/v7-m/libc.a(lib_a-isattyr.o)
                0x0000000008008de8                _isatty_r
 .text.__locale_mb_cur_max
                0x0000000008008e0c       0x1c /home/user/Ac6/SystemWorkbench/plugins/fr.ac6.mcu.externaltools.arm-none.linux64_1.15.0.201708311556/tools/compiler/bin/../lib/gcc/arm-none-eabi/6.3.1/../../../../arm-none-eabi/lib/thumb/v7-m/libc.a(lib_a-locale.o)
                0x0000000008008e0c                __locale_mb_cur_max
 .text._lseek_r
                0x0000000008008e28       0x2c /home/user/Ac6/SystemWorkbench/plugins/fr.ac6.mcu.externaltools.arm-none.linux64_1.15.0.201708311556/tools/compiler/bin/../lib/gcc/arm-none-eabi/6.3.1/../../../../arm-none-eabi/lib/thumb/v7-m/libc.a(lib_a-lseekr.o)
                0x0000000008008e28                _lseek_r
 .text.__ascii_mbtowc
                0x0000000008008e54       0x2c /home/user/Ac6/SystemWorkbench/plugins/fr.ac6.mcu.externaltools.arm-none.linux64_1.15.0.201708311556/tools/compiler/bin/../lib/gcc/arm-none-eabi/6.3.1/../../../../arm-none-eabi/lib/thumb/v7-m/libc.a(lib_a-mbtowc_r.o)
                0x0000000008008e54                __ascii_mbtowc
 .text._read_r  0x0000000008008e80       0x2c /home/user/Ac6/SystemWorkbench/plugins/fr.ac6.mcu.externaltools.arm-none.linux64_1.15.0.201708311556/tools/compiler/bin/../lib/gcc/arm-none-eabi/6.3.1/../../../../arm-none-eabi/lib/thumb/v7-m/libc.a(lib_a-readr.o)
                0x0000000008008e80                _read_r
 .text.__swbuf_r
                0x0000000008008eac       0xb0 /home/user/Ac6/SystemWorkbench/plugins/fr.ac6.mcu.externaltools.arm-none.linux64_1.15.0.201708311556/tools/compiler/bin/../lib/gcc/arm-none-eabi/6.3.1/../../../../arm-none-eabi/lib/thumb/v7-m/libc.a(lib_a-wbuf.o)
                0x0000000008008eac                __swbuf_r
 .text._wcrtomb_r
                0x0000000008008f5c       0x54 /home/user/Ac6/SystemWorkbench/plugins/fr.ac6.mcu.externaltools.arm-none.linux64_1.15.0.201708311556/tools/compiler/bin/../lib/gcc/arm-none-eabi/6.3.1/../../../../arm-none-eabi/lib/thumb/v7-m/libc.a(lib_a-wcrtomb.o)
                0x0000000008008f5c                _wcrtomb_r
 .text.__ascii_wctomb
                0x0000000008008fb0       0x18 /home/user/Ac6/SystemWorkbench/plugins/fr.ac6.mcu.externaltools.arm-none.linux64_1.15.0.201708311556/tools/compiler/bin/../lib/gcc/arm-none-eabi/6.3.1/../../../../arm-none-eabi/lib/thumb/v7-m/libc.a(lib_a-wctomb_r.o)
                0x0000000008008fb0                __ascii_wctomb
 *(.glue_7)
 .glue_7        0x0000000008008fc8        0x0 linker stubs
 *(.glue_7t)
 .glue_7t       0x0000000008008fc8        0x0 linker stubs
 *(.eh_frame)
 .eh_frame      0x0000000008008fc8        0x0 /home/user/Ac6/SystemWorkbench/plugins/fr.ac6.mcu.externaltools.arm-none.linux64_1.15.0.201708311556/tools/compiler/bin/../lib/gcc/arm-none-eabi/6.3.1/thumb/v7-m/crtbegin.o
 *(.init)
 .init          0x0000000008008fc8        0x4 /home/user/Ac6/SystemWorkbench/plugins/fr.ac6.mcu.externaltools.arm-none.linux64_1.15.0.201708311556/tools/compiler/bin/../lib/gcc/arm-none-eabi/6.3.1/thumb/v7-m/crti.o
                0x0000000008008fc8                _init
 .init          0x0000000008008fcc        0x8 /home/user/Ac6/SystemWorkbench/plugins/fr.ac6.mcu.externaltools.arm-none.linux64_1.15.0.201708311556/tools/compiler/bin/../lib/gcc/arm-none-eabi/6.3.1/thumb/v7-m/crtn.o
 *(.fini)
 .fini          0x0000000008008fd4        0x4 /home/user/Ac6/SystemWorkbench/plugins/fr.ac6.mcu.externaltools.arm-none.linux64_1.15.0.201708311556/tools/compiler/bin/../lib/gcc/arm-none-eabi/6.3.1/thumb/v7-m/crti.o
                0x0000000008008fd4                _fini
 .fini          0x0000000008008fd8        0x8 /home/user/Ac6/SystemWorkbench/plugins/fr.ac6.mcu.externaltools.arm-none.linux64_1.15.0.201708311556/tools/compiler/bin/../lib/gcc/arm-none-eabi/6.3.1/thumb/v7-m/crtn.o
                0x0000000008008fe0                . = ALIGN (0x4)
                0x0000000008008fe0                _etext = .

.vfp11_veneer   0x0000000008008fe0        0x0
 .vfp11_veneer  0x0000000008008fe0        0x0 linker stubs

.v4_bx          0x0000000008008fe0        0x0
 .v4_bx         0x0000000008008fe0        0x0 linker stubs

.iplt           0x0000000008008fe0        0x0
 .iplt          0x0000000008008fe0        0x0 /home/user/Ac6/SystemWorkbench/plugins/fr.ac6.mcu.externaltools.arm-none.linux64_1.15.0.201708311556/tools/compiler/bin/../lib/gcc/arm-none-eabi/6.3.1/thumb/v7-m/crtbegin.o

.rodata         0x0000000008008fe0      0x430
                0x0000000008008fe0                . = ALIGN (0x4)
 *(.rodata)
 .rodata        0x0000000008008fe0      0x151 src/main.o
 *(.rodata*)
 *fill*         0x0000000008009131        0x3 
 .rodata.sqrt.str1.4
                0x0000000008009134        0x5 /home/user/Ac6/SystemWorkbench/plugins/fr.ac6.mcu.externaltools.arm-none.linux64_1.15.0.201708311556/tools/compiler/bin/../lib/gcc/arm-none-eabi/6.3.1/../../../../arm-none-eabi/lib/thumb/v7-m/libm.a(lib_a-w_sqrt.o)
 *fill*         0x0000000008009139        0x7 
 .rodata.atanhi
                0x0000000008009140       0x20 /home/user/Ac6/SystemWorkbench/plugins/fr.ac6.mcu.externaltools.arm-none.linux64_1.15.0.201708311556/tools/compiler/bin/../lib/gcc/arm-none-eabi/6.3.1/../../../../arm-none-eabi/lib/thumb/v7-m/libm.a(lib_a-s_atan.o)
 .rodata.atanlo
                0x0000000008009160       0x20 /home/user/Ac6/SystemWorkbench/plugins/fr.ac6.mcu.externaltools.arm-none.linux64_1.15.0.201708311556/tools/compiler/bin/../lib/gcc/arm-none-eabi/6.3.1/../../../../arm-none-eabi/lib/thumb/v7-m/libm.a(lib_a-s_atan.o)
 .rodata._global_impure_ptr
                0x0000000008009180        0x4 /home/user/Ac6/SystemWorkbench/plugins/fr.ac6.mcu.externaltools.arm-none.linux64_1.15.0.201708311556/tools/compiler/bin/../lib/gcc/arm-none-eabi/6.3.1/../../../../arm-none-eabi/lib/thumb/v7-m/libc.a(lib_a-impure.o)
                0x0000000008009180                _global_impure_ptr
 .rodata._puts_r.str1.4
                0x0000000008009184        0x2 /home/user/Ac6/SystemWorkbench/plugins/fr.ac6.mcu.externaltools.arm-none.linux64_1.15.0.201708311556/tools/compiler/bin/../lib/gcc/arm-none-eabi/6.3.1/../../../../arm-none-eabi/lib/thumb/v7-m/libc.a(lib_a-puts.o)
 *fill*         0x0000000008009186        0x2 
 .rodata._vfprintf_r.str1.4
                0x0000000008009188       0x42 /home/user/Ac6/SystemWorkbench/plugins/fr.ac6.mcu.externaltools.arm-none.linux64_1.15.0.201708311556/tools/compiler/bin/../lib/gcc/arm-none-eabi/6.3.1/../../../../arm-none-eabi/lib/thumb/v7-m/libc.a(lib_a-vfprintf.o)
 *fill*         0x00000000080091ca        0x2 
 .rodata.blanks.7238
                0x00000000080091cc       0x10 /home/user/Ac6/SystemWorkbench/plugins/fr.ac6.mcu.externaltools.arm-none.linux64_1.15.0.201708311556/tools/compiler/bin/../lib/gcc/arm-none-eabi/6.3.1/../../../../arm-none-eabi/lib/thumb/v7-m/libc.a(lib_a-vfprintf.o)
 .rodata.zeroes.7239
                0x00000000080091dc       0x10 /home/user/Ac6/SystemWorkbench/plugins/fr.ac6.mcu.externaltools.arm-none.linux64_1.15.0.201708311556/tools/compiler/bin/../lib/gcc/arm-none-eabi/6.3.1/../../../../arm-none-eabi/lib/thumb/v7-m/libc.a(lib_a-vfprintf.o)
 .rodata._dtoa_r.str1.4
                0x00000000080091ec       0x10 /home/user/Ac6/SystemWorkbench/plugins/fr.ac6.mcu.externaltools.arm-none.linux64_1.15.0.201708311556/tools/compiler/bin/../lib/gcc/arm-none-eabi/6.3.1/../../../../arm-none-eabi/lib/thumb/v7-m/libc.a(lib_a-dtoa.o)
                                         0x12 (size before relaxing)
 *fill*         0x00000000080091fc        0x4 
 .rodata.__mprec_bigtens
                0x0000000008009200       0x28 /home/user/Ac6/SystemWorkbench/plugins/fr.ac6.mcu.externaltools.arm-none.linux64_1.15.0.201708311556/tools/compiler/bin/../lib/gcc/arm-none-eabi/6.3.1/../../../../arm-none-eabi/lib/thumb/v7-m/libc.a(lib_a-mprec.o)
                0x0000000008009200                __mprec_bigtens
 .rodata.__mprec_tens
                0x0000000008009228       0xc8 /home/user/Ac6/SystemWorkbench/plugins/fr.ac6.mcu.externaltools.arm-none.linux64_1.15.0.201708311556/tools/compiler/bin/../lib/gcc/arm-none-eabi/6.3.1/../../../../arm-none-eabi/lib/thumb/v7-m/libc.a(lib_a-mprec.o)
                0x0000000008009228                __mprec_tens
 .rodata.p05.6055
                0x00000000080092f0        0xc /home/user/Ac6/SystemWorkbench/plugins/fr.ac6.mcu.externaltools.arm-none.linux64_1.15.0.201708311556/tools/compiler/bin/../lib/gcc/arm-none-eabi/6.3.1/../../../../arm-none-eabi/lib/thumb/v7-m/libc.a(lib_a-mprec.o)
 .rodata._setlocale_r.str1.4
                0x00000000080092fc        0xa /home/user/Ac6/SystemWorkbench/plugins/fr.ac6.mcu.externaltools.arm-none.linux64_1.15.0.201708311556/tools/compiler/bin/../lib/gcc/arm-none-eabi/6.3.1/../../../../arm-none-eabi/lib/thumb/v7-m/libc.a(lib_a-locale.o)
                                          0xd (size before relaxing)
 *fill*         0x0000000008009306        0x2 
 .rodata.str1.4
                0x0000000008009308        0x4 /home/user/Ac6/SystemWorkbench/plugins/fr.ac6.mcu.externaltools.arm-none.linux64_1.15.0.201708311556/tools/compiler/bin/../lib/gcc/arm-none-eabi/6.3.1/../../../../arm-none-eabi/lib/thumb/v7-m/libc.a(lib_a-locale.o)
                                          0x2 (size before relaxing)
 .rodata._ctype_
                0x000000000800930c      0x101 /home/user/Ac6/SystemWorkbench/plugins/fr.ac6.mcu.externaltools.arm-none.linux64_1.15.0.201708311556/tools/compiler/bin/../lib/gcc/arm-none-eabi/6.3.1/../../../../arm-none-eabi/lib/thumb/v7-m/libc.a(lib_a-ctype_.o)
                0x000000000800930c                _ctype_
                0x0000000008009410                . = ALIGN (0x4)
 *fill*         0x000000000800940d        0x3 

.ARM.extab      0x0000000008009410        0x0
                0x0000000008009410                . = ALIGN (0x4)
 *(.ARM.extab* .gnu.linkonce.armextab.*)
                0x0000000008009410                . = ALIGN (0x4)

.ARM            0x0000000008009410        0x8
                0x0000000008009410                . = ALIGN (0x4)
                0x0000000008009410                __exidx_start = .
 *(.ARM.exidx*)
 .ARM.exidx     0x0000000008009410        0x8 /home/user/Ac6/SystemWorkbench/plugins/fr.ac6.mcu.externaltools.arm-none.linux64_1.15.0.201708311556/tools/compiler/bin/../lib/gcc/arm-none-eabi/6.3.1/thumb/v7-m/libgcc.a(_udivmoddi4.o)
                0x0000000008009418                __exidx_end = .
                0x0000000008009418                . = ALIGN (0x4)

.rel.dyn        0x0000000008009418        0x0
 .rel.iplt      0x0000000008009418        0x0 /home/user/Ac6/SystemWorkbench/plugins/fr.ac6.mcu.externaltools.arm-none.linux64_1.15.0.201708311556/tools/compiler/bin/../lib/gcc/arm-none-eabi/6.3.1/thumb/v7-m/crtbegin.o

.preinit_array  0x0000000008009418        0x0
                0x0000000008009418                . = ALIGN (0x4)
                0x0000000008009418                PROVIDE (__preinit_array_start, .)
 *(.preinit_array*)
                0x0000000008009418                PROVIDE (__preinit_array_end, .)
                0x0000000008009418                . = ALIGN (0x4)

.init_array     0x0000000008009418        0x8
                0x0000000008009418                . = ALIGN (0x4)
                0x0000000008009418                PROVIDE (__init_array_start, .)
 *(SORT(.init_array.*))
 .init_array.00000
                0x0000000008009418        0x4 /home/user/Ac6/SystemWorkbench/plugins/fr.ac6.mcu.externaltools.arm-none.linux64_1.15.0.201708311556/tools/compiler/bin/../lib/gcc/arm-none-eabi/6.3.1/../../../../arm-none-eabi/lib/thumb/v7-m/libc.a(lib_a-__call_atexit.o)
 *(.init_array*)
 .init_array    0x000000000800941c        0x4 /home/user/Ac6/SystemWorkbench/plugins/fr.ac6.mcu.externaltools.arm-none.linux64_1.15.0.201708311556/tools/compiler/bin/../lib/gcc/arm-none-eabi/6.3.1/thumb/v7-m/crtbegin.o
                0x0000000008009420                PROVIDE (__init_array_end, .)
                0x0000000008009420                . = ALIGN (0x4)

.fini_array     0x0000000008009420        0x4
                0x0000000008009420                . = ALIGN (0x4)
                0x0000000008009420                PROVIDE (__fini_array_start, .)
 *(SORT(.fini_array.*))
 *(.fini_array*)
 .fini_array    0x0000000008009420        0x4 /home/user/Ac6/SystemWorkbench/plugins/fr.ac6.mcu.externaltools.arm-none.linux64_1.15.0.201708311556/tools/compiler/bin/../lib/gcc/arm-none-eabi/6.3.1/thumb/v7-m/crtbegin.o
                0x0000000008009424                PROVIDE (__fini_array_end, .)
                0x0000000008009424                . = ALIGN (0x4)
                0x0000000008009424                _sidata = LOADADDR (.data)

.data           0x0000000020000000      0x9d8 load address 0x0000000008009424
                0x0000000020000000                . = ALIGN (0x4)
                0x0000000020000000                _sdata = .
 *(.data)
 .data          0x0000000020000000       0x14 StdPeriph_Driver/src/stm32f10x_rcc.o
 .data          0x0000000020000014       0x14 src/system_stm32f10x.o
                0x0000000020000014                SystemCoreClock
                0x0000000020000018                AHBPrescTable
 *(.data*)
 .data.__fdlib_version
                0x0000000020000028        0x1 /home/user/Ac6/SystemWorkbench/plugins/fr.ac6.mcu.externaltools.arm-none.linux64_1.15.0.201708311556/tools/compiler/bin/../lib/gcc/arm-none-eabi/6.3.1/../../../../arm-none-eabi/lib/thumb/v7-m/libm.a(lib_a-s_lib_ver.o)
                0x0000000020000028                __fdlib_version
 *fill*         0x0000000020000029        0x3 
 .data._impure_ptr
                0x000000002000002c        0x4 /home/user/Ac6/SystemWorkbench/plugins/fr.ac6.mcu.externaltools.arm-none.linux64_1.15.0.201708311556/tools/compiler/bin/../lib/gcc/arm-none-eabi/6.3.1/../../../../arm-none-eabi/lib/thumb/v7-m/libc.a(lib_a-impure.o)
                0x000000002000002c                _impure_ptr
 .data.impure_data
                0x0000000020000030      0x428 /home/user/Ac6/SystemWorkbench/plugins/fr.ac6.mcu.externaltools.arm-none.linux64_1.15.0.201708311556/tools/compiler/bin/../lib/gcc/arm-none-eabi/6.3.1/../../../../arm-none-eabi/lib/thumb/v7-m/libc.a(lib_a-impure.o)
 .data.__atexit_recursive_mutex
                0x0000000020000458        0x4 /home/user/Ac6/SystemWorkbench/plugins/fr.ac6.mcu.externaltools.arm-none.linux64_1.15.0.201708311556/tools/compiler/bin/../lib/gcc/arm-none-eabi/6.3.1/../../../../arm-none-eabi/lib/thumb/v7-m/libc.a(lib_a-__call_atexit.o)
                0x0000000020000458                __atexit_recursive_mutex
 .data.__malloc_av_
                0x000000002000045c      0x408 /home/user/Ac6/SystemWorkbench/plugins/fr.ac6.mcu.externaltools.arm-none.linux64_1.15.0.201708311556/tools/compiler/bin/../lib/gcc/arm-none-eabi/6.3.1/../../../../arm-none-eabi/lib/thumb/v7-m/libc.a(lib_a-mallocr.o)
                0x000000002000045c                __malloc_av_
 .data.__malloc_sbrk_base
                0x0000000020000864        0x4 /home/user/Ac6/SystemWorkbench/plugins/fr.ac6.mcu.externaltools.arm-none.linux64_1.15.0.201708311556/tools/compiler/bin/../lib/gcc/arm-none-eabi/6.3.1/../../../../arm-none-eabi/lib/thumb/v7-m/libc.a(lib_a-mallocr.o)
                0x0000000020000864                __malloc_sbrk_base
 .data.__malloc_trim_threshold
                0x0000000020000868        0x4 /home/user/Ac6/SystemWorkbench/plugins/fr.ac6.mcu.externaltools.arm-none.linux64_1.15.0.201708311556/tools/compiler/bin/../lib/gcc/arm-none-eabi/6.3.1/../../../../arm-none-eabi/lib/thumb/v7-m/libc.a(lib_a-mallocr.o)
                0x0000000020000868                __malloc_trim_threshold
 .data.__global_locale
                0x000000002000086c      0x16c /home/user/Ac6/SystemWorkbench/plugins/fr.ac6.mcu.externaltools.arm-none.linux64_1.15.0.201708311556/tools/compiler/bin/../lib/gcc/arm-none-eabi/6.3.1/../../../../arm-none-eabi/lib/thumb/v7-m/libc.a(lib_a-locale.o)
                0x000000002000086c                __global_locale
                0x00000000200009d8                . = ALIGN (0x4)
                0x00000000200009d8                _edata = .

.jcr            0x00000000200009d8        0x0 load address 0x0000000008009dfc
 .jcr           0x00000000200009d8        0x0 /home/user/Ac6/SystemWorkbench/plugins/fr.ac6.mcu.externaltools.arm-none.linux64_1.15.0.201708311556/tools/compiler/bin/../lib/gcc/arm-none-eabi/6.3.1/thumb/v7-m/crtbegin.o

.igot.plt       0x00000000200009d8        0x0 load address 0x0000000008009dfc
 .igot.plt      0x00000000200009d8        0x0 /home/user/Ac6/SystemWorkbench/plugins/fr.ac6.mcu.externaltools.arm-none.linux64_1.15.0.201708311556/tools/compiler/bin/../lib/gcc/arm-none-eabi/6.3.1/thumb/v7-m/crtbegin.o
                0x00000000200009d8                . = ALIGN (0x4)

.bss            0x00000000200009d8      0x4f4 load address 0x0000000008009dfc
                0x00000000200009d8                _sbss = .
                0x00000000200009d8                __bss_start__ = _sbss
 *(.bss)
 .bss           0x00000000200009d8       0x1c /home/user/Ac6/SystemWorkbench/plugins/fr.ac6.mcu.externaltools.arm-none.linux64_1.15.0.201708311556/tools/compiler/bin/../lib/gcc/arm-none-eabi/6.3.1/thumb/v7-m/crtbegin.o
 .bss           0x00000000200009f4        0x4 src/delay.o
                0x00000000200009f4                TimingDelay
 .bss           0x00000000200009f8        0x4 src/main.o
                0x00000000200009f8                messageId
                0x00000000200009fa                msCounter
 .bss           0x00000000200009fc        0x8 src/syscalls.o
                0x00000000200009fc                __env
 *(.bss*)
 .bss.__malloc_current_mallinfo
                0x0000000020000a04       0x28 /home/user/Ac6/SystemWorkbench/plugins/fr.ac6.mcu.externaltools.arm-none.linux64_1.15.0.201708311556/tools/compiler/bin/../lib/gcc/arm-none-eabi/6.3.1/../../../../arm-none-eabi/lib/thumb/v7-m/libc.a(lib_a-mallocr.o)
                0x0000000020000a04                __malloc_current_mallinfo
 .bss.__malloc_max_sbrked_mem
                0x0000000020000a2c        0x4 /home/user/Ac6/SystemWorkbench/plugins/fr.ac6.mcu.externaltools.arm-none.linux64_1.15.0.201708311556/tools/compiler/bin/../lib/gcc/arm-none-eabi/6.3.1/../../../../arm-none-eabi/lib/thumb/v7-m/libc.a(lib_a-mallocr.o)
                0x0000000020000a2c                __malloc_max_sbrked_mem
 .bss.__malloc_max_total_mem
                0x0000000020000a30        0x4 /home/user/Ac6/SystemWorkbench/plugins/fr.ac6.mcu.externaltools.arm-none.linux64_1.15.0.201708311556/tools/compiler/bin/../lib/gcc/arm-none-eabi/6.3.1/../../../../arm-none-eabi/lib/thumb/v7-m/libc.a(lib_a-mallocr.o)
                0x0000000020000a30                __malloc_max_total_mem
 .bss.__malloc_top_pad
                0x0000000020000a34        0x4 /home/user/Ac6/SystemWorkbench/plugins/fr.ac6.mcu.externaltools.arm-none.linux64_1.15.0.201708311556/tools/compiler/bin/../lib/gcc/arm-none-eabi/6.3.1/../../../../arm-none-eabi/lib/thumb/v7-m/libc.a(lib_a-mallocr.o)
                0x0000000020000a34                __malloc_top_pad
 *(COMMON)
 COMMON         0x0000000020000a38      0x3f0 src/NazaCanDecoderLib.o
                0x0000000020000a38                msgIdx
                0x0000000020000a40                footer
                0x0000000020000a48                vdop
                0x0000000020000a50                pitchRad
                0x0000000020000a58                vsi
                0x0000000020000a60                month
                0x0000000020000a61                second
                0x0000000020000a68                cog
                0x0000000020000a70                alt
                0x0000000020000a78                minute
                0x0000000020000a80                spd
                0x0000000020000a88                motorOut
                0x0000000020000a98                rcIn
                0x0000000020000aac                sat
                0x0000000020000aad                canMsgByte
                0x0000000020000aae                mode
                0x0000000020000ab0                headingNc
                0x0000000020000ab8                hour
                0x0000000020000ac0                lon
                0x0000000020000ac8                collectData
                0x0000000020000acb                fix
                0x0000000020000acc                msgBuf
                0x0000000020000dcc                year
                0x0000000020000dd0                msgLen
                0x0000000020000dd8                batteryCell
                0x0000000020000dde                day
                0x0000000020000de0                header
                0x0000000020000de8                gpsAlt
                0x0000000020000df0                pitch
                0x0000000020000df2                roll
                0x0000000020000df4                battery
                0x0000000020000df8                rollRad
                0x0000000020000dfc                batteryPercent
                0x0000000020000e00                gpsVsi
                0x0000000020000e08                lat
                0x0000000020000e10                heartbeatTime
                0x0000000020000e14                canMsgIdIdx
                0x0000000020000e18                hdop
                0x0000000020000e20                heading
 COMMON         0x0000000020000e28       0x7b src/main.o
                0x0000000020000e28                txBuff
                0x0000000020000e50                RX_BUF
                0x0000000020000ea0                RXc
                0x0000000020000ea1                RXi
                0x0000000020000ea2                RX_FLAG_END_LINE
 *fill*         0x0000000020000ea3        0x1 
 COMMON         0x0000000020000ea4       0x21 /home/user/Ac6/SystemWorkbench/plugins/fr.ac6.mcu.externaltools.arm-none.linux64_1.15.0.201708311556/tools/compiler/bin/../lib/gcc/arm-none-eabi/6.3.1/../../../../arm-none-eabi/lib/thumb/v7-m/libc.a(lib_a-lock.o)
                0x0000000020000ea4                __lock___atexit_recursive_mutex
                0x0000000020000ea8                __lock___arc4random_mutex
                0x0000000020000eac                __lock___env_recursive_mutex
                0x0000000020000eb0                __lock___sinit_recursive_mutex
                0x0000000020000eb4                __lock___malloc_recursive_mutex
                0x0000000020000eb8                __lock___at_quick_exit_mutex
                0x0000000020000ebc                __lock___dd_hash_mutex
                0x0000000020000ec0                __lock___tz_mutex
                0x0000000020000ec4                __lock___sfp_recursive_mutex
 *fill*         0x0000000020000ec5        0x3 
 COMMON         0x0000000020000ec8        0x4 /home/user/Ac6/SystemWorkbench/plugins/fr.ac6.mcu.externaltools.arm-none.linux64_1.15.0.201708311556/tools/compiler/bin/../lib/gcc/arm-none-eabi/6.3.1/../../../../arm-none-eabi/lib/thumb/v7-m/libc.a(lib_a-reent.o)
                0x0000000020000ec8                errno
                0x0000000020000ecc                . = ALIGN (0x4)
                0x0000000020000ecc                _ebss = .
                0x0000000020000ecc                __bss_end__ = _ebss

._user_heap_stack
                0x0000000020000ecc      0x404 load address 0x0000000008009dfc
                0x0000000020000ed0                . = ALIGN (0x8)
 *fill*         0x0000000020000ecc        0x4 
                0x0000000020000ed0                PROVIDE (end, .)
                [!provide]                        PROVIDE (_end, .)
                0x0000000020000ed0                . = (. + _Min_Heap_Size)
                0x00000000200012d0                . = (. + _Min_Stack_Size)
 *fill*         0x0000000020000ed0      0x400 
                0x00000000200012d0                . = ALIGN (0x8)

/DISCARD/
 libc.a(*)
 libm.a(*)
 libgcc.a(*)

.ARM.attributes
                0x0000000000000000       0x29
 *(.ARM.attributes)
 .ARM.attributes
                0x0000000000000000       0x1d /home/user/Ac6/SystemWorkbench/plugins/fr.ac6.mcu.externaltools.arm-none.linux64_1.15.0.201708311556/tools/compiler/bin/../lib/gcc/arm-none-eabi/6.3.1/thumb/v7-m/crti.o
 .ARM.attributes
                0x000000000000001d       0x2d /home/user/Ac6/SystemWorkbench/plugins/fr.ac6.mcu.externaltools.arm-none.linux64_1.15.0.201708311556/tools/compiler/bin/../lib/gcc/arm-none-eabi/6.3.1/thumb/v7-m/crtbegin.o
 .ARM.attributes
                0x000000000000004a       0x33 StdPeriph_Driver/src/misc.o
 .ARM.attributes
                0x000000000000007d       0x33 StdPeriph_Driver/src/stm32f10x_can.o
 .ARM.attributes
                0x00000000000000b0       0x33 StdPeriph_Driver/src/stm32f10x_gpio.o
 .ARM.attributes
                0x00000000000000e3       0x33 StdPeriph_Driver/src/stm32f10x_rcc.o
 .ARM.attributes
                0x0000000000000116       0x33 StdPeriph_Driver/src/stm32f10x_usart.o
 .ARM.attributes
                0x0000000000000149       0x33 src/NazaCanDecoderLib.o
 .ARM.attributes
                0x000000000000017c       0x33 src/can.o
 .ARM.attributes
                0x00000000000001af       0x33 src/delay.o
 .ARM.attributes
                0x00000000000001e2       0x33 src/main.o
 .ARM.attributes
                0x0000000000000215       0x33 src/syscalls.o
 .ARM.attributes
                0x0000000000000248       0x33 src/system_stm32f10x.o
 .ARM.attributes
                0x000000000000027b       0x33 src/usart.o
 .ARM.attributes
                0x00000000000002ae       0x21 startup/startup_stm32.o
 .ARM.attributes
                0x00000000000002cf       0x2d /home/user/Ac6/SystemWorkbench/plugins/fr.ac6.mcu.externaltools.arm-none.linux64_1.15.0.201708311556/tools/compiler/bin/../lib/gcc/arm-none-eabi/6.3.1/../../../../arm-none-eabi/lib/thumb/v7-m/libm.a(lib_a-w_atan2.o)
 .ARM.attributes
                0x00000000000002fc       0x2d /home/user/Ac6/SystemWorkbench/plugins/fr.ac6.mcu.externaltools.arm-none.linux64_1.15.0.201708311556/tools/compiler/bin/../lib/gcc/arm-none-eabi/6.3.1/../../../../arm-none-eabi/lib/thumb/v7-m/libm.a(lib_a-w_sqrt.o)
 .ARM.attributes
                0x0000000000000329       0x2d /home/user/Ac6/SystemWorkbench/plugins/fr.ac6.mcu.externaltools.arm-none.linux64_1.15.0.201708311556/tools/compiler/bin/../lib/gcc/arm-none-eabi/6.3.1/../../../../arm-none-eabi/lib/thumb/v7-m/libm.a(lib_a-e_atan2.o)
 .ARM.attributes
                0x0000000000000356       0x2d /home/user/Ac6/SystemWorkbench/plugins/fr.ac6.mcu.externaltools.arm-none.linux64_1.15.0.201708311556/tools/compiler/bin/../lib/gcc/arm-none-eabi/6.3.1/../../../../arm-none-eabi/lib/thumb/v7-m/libm.a(lib_a-e_sqrt.o)
 .ARM.attributes
                0x0000000000000383       0x2d /home/user/Ac6/SystemWorkbench/plugins/fr.ac6.mcu.externaltools.arm-none.linux64_1.15.0.201708311556/tools/compiler/bin/../lib/gcc/arm-none-eabi/6.3.1/../../../../arm-none-eabi/lib/thumb/v7-m/libm.a(lib_a-s_atan.o)
 .ARM.attributes
                0x00000000000003b0       0x2d /home/user/Ac6/SystemWorkbench/plugins/fr.ac6.mcu.externaltools.arm-none.linux64_1.15.0.201708311556/tools/compiler/bin/../lib/gcc/arm-none-eabi/6.3.1/../../../../arm-none-eabi/lib/thumb/v7-m/libm.a(lib_a-s_fabs.o)
 .ARM.attributes
                0x00000000000003dd       0x2d /home/user/Ac6/SystemWorkbench/plugins/fr.ac6.mcu.externaltools.arm-none.linux64_1.15.0.201708311556/tools/compiler/bin/../lib/gcc/arm-none-eabi/6.3.1/../../../../arm-none-eabi/lib/thumb/v7-m/libm.a(lib_a-s_lib_ver.o)
 .ARM.attributes
                0x000000000000040a       0x2d /home/user/Ac6/SystemWorkbench/plugins/fr.ac6.mcu.externaltools.arm-none.linux64_1.15.0.201708311556/tools/compiler/bin/../lib/gcc/arm-none-eabi/6.3.1/../../../../arm-none-eabi/lib/thumb/v7-m/libm.a(lib_a-s_matherr.o)
 .ARM.attributes
                0x0000000000000437       0x1d /home/user/Ac6/SystemWorkbench/plugins/fr.ac6.mcu.externaltools.arm-none.linux64_1.15.0.201708311556/tools/compiler/bin/../lib/gcc/arm-none-eabi/6.3.1/thumb/v7-m/libgcc.a(_arm_addsubdf3.o)
 .ARM.attributes
                0x0000000000000454       0x1d /home/user/Ac6/SystemWorkbench/plugins/fr.ac6.mcu.externaltools.arm-none.linux64_1.15.0.201708311556/tools/compiler/bin/../lib/gcc/arm-none-eabi/6.3.1/thumb/v7-m/libgcc.a(_arm_muldivdf3.o)
 .ARM.attributes
                0x0000000000000471       0x1d /home/user/Ac6/SystemWorkbench/plugins/fr.ac6.mcu.externaltools.arm-none.linux64_1.15.0.201708311556/tools/compiler/bin/../lib/gcc/arm-none-eabi/6.3.1/thumb/v7-m/libgcc.a(_arm_cmpdf2.o)
 .ARM.attributes
                0x000000000000048e       0x1d /home/user/Ac6/SystemWorkbench/plugins/fr.ac6.mcu.externaltools.arm-none.linux64_1.15.0.201708311556/tools/compiler/bin/../lib/gcc/arm-none-eabi/6.3.1/thumb/v7-m/libgcc.a(_arm_unorddf2.o)
 .ARM.attributes
                0x00000000000004ab       0x1d /home/user/Ac6/SystemWorkbench/plugins/fr.ac6.mcu.externaltools.arm-none.linux64_1.15.0.201708311556/tools/compiler/bin/../lib/gcc/arm-none-eabi/6.3.1/thumb/v7-m/libgcc.a(_arm_fixunsdfsi.o)
 .ARM.attributes
                0x00000000000004c8       0x1d /home/user/Ac6/SystemWorkbench/plugins/fr.ac6.mcu.externaltools.arm-none.linux64_1.15.0.201708311556/tools/compiler/bin/../lib/gcc/arm-none-eabi/6.3.1/thumb/v7-m/libgcc.a(_arm_addsubsf3.o)
 .ARM.attributes
                0x00000000000004e5       0x1d /home/user/Ac6/SystemWorkbench/plugins/fr.ac6.mcu.externaltools.arm-none.linux64_1.15.0.201708311556/tools/compiler/bin/../lib/gcc/arm-none-eabi/6.3.1/thumb/v7-m/libgcc.a(_arm_muldivsf3.o)
 .ARM.attributes
                0x0000000000000502       0x2d /home/user/Ac6/SystemWorkbench/plugins/fr.ac6.mcu.externaltools.arm-none.linux64_1.15.0.201708311556/tools/compiler/bin/../lib/gcc/arm-none-eabi/6.3.1/../../../../arm-none-eabi/lib/thumb/v7-m/libc.a(lib_a-errno.o)
 .ARM.attributes
                0x000000000000052f       0x2d /home/user/Ac6/SystemWorkbench/plugins/fr.ac6.mcu.externaltools.arm-none.linux64_1.15.0.201708311556/tools/compiler/bin/../lib/gcc/arm-none-eabi/6.3.1/../../../../arm-none-eabi/lib/thumb/v7-m/libc.a(lib_a-impure.o)
 .ARM.attributes
                0x000000000000055c       0x2d /home/user/Ac6/SystemWorkbench/plugins/fr.ac6.mcu.externaltools.arm-none.linux64_1.15.0.201708311556/tools/compiler/bin/../lib/gcc/arm-none-eabi/6.3.1/../../../../arm-none-eabi/lib/thumb/v7-m/libc.a(lib_a-init.o)
 .ARM.attributes
                0x0000000000000589       0x2d /home/user/Ac6/SystemWorkbench/plugins/fr.ac6.mcu.externaltools.arm-none.linux64_1.15.0.201708311556/tools/compiler/bin/../lib/gcc/arm-none-eabi/6.3.1/../../../../arm-none-eabi/lib/thumb/v7-m/libc.a(lib_a-memset.o)
 .ARM.attributes
                0x00000000000005b6       0x2d /home/user/Ac6/SystemWorkbench/plugins/fr.ac6.mcu.externaltools.arm-none.linux64_1.15.0.201708311556/tools/compiler/bin/../lib/gcc/arm-none-eabi/6.3.1/../../../../arm-none-eabi/lib/thumb/v7-m/libc.a(lib_a-printf.o)
 .ARM.attributes
                0x00000000000005e3       0x2d /home/user/Ac6/SystemWorkbench/plugins/fr.ac6.mcu.externaltools.arm-none.linux64_1.15.0.201708311556/tools/compiler/bin/../lib/gcc/arm-none-eabi/6.3.1/../../../../arm-none-eabi/lib/thumb/v7-m/libc.a(lib_a-puts.o)
 .ARM.attributes
                0x0000000000000610       0x2d /home/user/Ac6/SystemWorkbench/plugins/fr.ac6.mcu.externaltools.arm-none.linux64_1.15.0.201708311556/tools/compiler/bin/../lib/gcc/arm-none-eabi/6.3.1/../../../../arm-none-eabi/lib/thumb/v7-m/libc.a(lib_a-strlen-stub.o)
 .ARM.attributes
                0x000000000000063d       0x2d /home/user/Ac6/SystemWorkbench/plugins/fr.ac6.mcu.externaltools.arm-none.linux64_1.15.0.201708311556/tools/compiler/bin/../lib/gcc/arm-none-eabi/6.3.1/../../../../arm-none-eabi/lib/thumb/v7-m/libc.a(lib_a-vfprintf.o)
 .ARM.attributes
                0x000000000000066a       0x2d /home/user/Ac6/SystemWorkbench/plugins/fr.ac6.mcu.externaltools.arm-none.linux64_1.15.0.201708311556/tools/compiler/bin/../lib/gcc/arm-none-eabi/6.3.1/../../../../arm-none-eabi/lib/thumb/v7-m/libc.a(lib_a-wsetup.o)
 .ARM.attributes
                0x0000000000000697       0x2d /home/user/Ac6/SystemWorkbench/plugins/fr.ac6.mcu.externaltools.arm-none.linux64_1.15.0.201708311556/tools/compiler/bin/../lib/gcc/arm-none-eabi/6.3.1/../../../../arm-none-eabi/lib/thumb/v7-m/libc.a(lib_a-__call_atexit.o)
 .ARM.attributes
                0x00000000000006c4       0x2d /home/user/Ac6/SystemWorkbench/plugins/fr.ac6.mcu.externaltools.arm-none.linux64_1.15.0.201708311556/tools/compiler/bin/../lib/gcc/arm-none-eabi/6.3.1/../../../../arm-none-eabi/lib/thumb/v7-m/libc.a(lib_a-atexit.o)
 .ARM.attributes
                0x00000000000006f1       0x2d /home/user/Ac6/SystemWorkbench/plugins/fr.ac6.mcu.externaltools.arm-none.linux64_1.15.0.201708311556/tools/compiler/bin/../lib/gcc/arm-none-eabi/6.3.1/../../../../arm-none-eabi/lib/thumb/v7-m/libc.a(lib_a-dtoa.o)
 .ARM.attributes
                0x000000000000071e       0x2d /home/user/Ac6/SystemWorkbench/plugins/fr.ac6.mcu.externaltools.arm-none.linux64_1.15.0.201708311556/tools/compiler/bin/../lib/gcc/arm-none-eabi/6.3.1/../../../../arm-none-eabi/lib/thumb/v7-m/libc.a(lib_a-fflush.o)
 .ARM.attributes
                0x000000000000074b       0x2d /home/user/Ac6/SystemWorkbench/plugins/fr.ac6.mcu.externaltools.arm-none.linux64_1.15.0.201708311556/tools/compiler/bin/../lib/gcc/arm-none-eabi/6.3.1/../../../../arm-none-eabi/lib/thumb/v7-m/libc.a(lib_a-findfp.o)
 .ARM.attributes
                0x0000000000000778       0x2d /home/user/Ac6/SystemWorkbench/plugins/fr.ac6.mcu.externaltools.arm-none.linux64_1.15.0.201708311556/tools/compiler/bin/../lib/gcc/arm-none-eabi/6.3.1/../../../../arm-none-eabi/lib/thumb/v7-m/libc.a(lib_a-fini.o)
 .ARM.attributes
                0x00000000000007a5       0x2d /home/user/Ac6/SystemWorkbench/plugins/fr.ac6.mcu.externaltools.arm-none.linux64_1.15.0.201708311556/tools/compiler/bin/../lib/gcc/arm-none-eabi/6.3.1/../../../../arm-none-eabi/lib/thumb/v7-m/libc.a(lib_a-freer.o)
 .ARM.attributes
                0x00000000000007d2       0x2d /home/user/Ac6/SystemWorkbench/plugins/fr.ac6.mcu.externaltools.arm-none.linux64_1.15.0.201708311556/tools/compiler/bin/../lib/gcc/arm-none-eabi/6.3.1/../../../../arm-none-eabi/lib/thumb/v7-m/libc.a(lib_a-fvwrite.o)
 .ARM.attributes
                0x00000000000007ff       0x2d /home/user/Ac6/SystemWorkbench/plugins/fr.ac6.mcu.externaltools.arm-none.linux64_1.15.0.201708311556/tools/compiler/bin/../lib/gcc/arm-none-eabi/6.3.1/../../../../arm-none-eabi/lib/thumb/v7-m/libc.a(lib_a-fwalk.o)
 .ARM.attributes
                0x000000000000082c       0x2d /home/user/Ac6/SystemWorkbench/plugins/fr.ac6.mcu.externaltools.arm-none.linux64_1.15.0.201708311556/tools/compiler/bin/../lib/gcc/arm-none-eabi/6.3.1/../../../../arm-none-eabi/lib/thumb/v7-m/libc.a(lib_a-localeconv.o)
 .ARM.attributes
                0x0000000000000859       0x2d /home/user/Ac6/SystemWorkbench/plugins/fr.ac6.mcu.externaltools.arm-none.linux64_1.15.0.201708311556/tools/compiler/bin/../lib/gcc/arm-none-eabi/6.3.1/../../../../arm-none-eabi/lib/thumb/v7-m/libc.a(lib_a-lock.o)
 .ARM.attributes
                0x0000000000000886       0x2d /home/user/Ac6/SystemWorkbench/plugins/fr.ac6.mcu.externaltools.arm-none.linux64_1.15.0.201708311556/tools/compiler/bin/../lib/gcc/arm-none-eabi/6.3.1/../../../../arm-none-eabi/lib/thumb/v7-m/libc.a(lib_a-makebuf.o)
 .ARM.attributes
                0x00000000000008b3       0x2d /home/user/Ac6/SystemWorkbench/plugins/fr.ac6.mcu.externaltools.arm-none.linux64_1.15.0.201708311556/tools/compiler/bin/../lib/gcc/arm-none-eabi/6.3.1/../../../../arm-none-eabi/lib/thumb/v7-m/libc.a(lib_a-mallocr.o)
 .ARM.attributes
                0x00000000000008e0       0x2d /home/user/Ac6/SystemWorkbench/plugins/fr.ac6.mcu.externaltools.arm-none.linux64_1.15.0.201708311556/tools/compiler/bin/../lib/gcc/arm-none-eabi/6.3.1/../../../../arm-none-eabi/lib/thumb/v7-m/libc.a(lib_a-memchr-stub.o)
 .ARM.attributes
                0x000000000000090d       0x1b /home/user/Ac6/SystemWorkbench/plugins/fr.ac6.mcu.externaltools.arm-none.linux64_1.15.0.201708311556/tools/compiler/bin/../lib/gcc/arm-none-eabi/6.3.1/../../../../arm-none-eabi/lib/thumb/v7-m/libc.a(lib_a-memcpy.o)
 .ARM.attributes
                0x0000000000000928       0x2d /home/user/Ac6/SystemWorkbench/plugins/fr.ac6.mcu.externaltools.arm-none.linux64_1.15.0.201708311556/tools/compiler/bin/../lib/gcc/arm-none-eabi/6.3.1/../../../../arm-none-eabi/lib/thumb/v7-m/libc.a(lib_a-memmove.o)
 .ARM.attributes
                0x0000000000000955       0x2d /home/user/Ac6/SystemWorkbench/plugins/fr.ac6.mcu.externaltools.arm-none.linux64_1.15.0.201708311556/tools/compiler/bin/../lib/gcc/arm-none-eabi/6.3.1/../../../../arm-none-eabi/lib/thumb/v7-m/libc.a(lib_a-mlock.o)
 .ARM.attributes
                0x0000000000000982       0x2d /home/user/Ac6/SystemWorkbench/plugins/fr.ac6.mcu.externaltools.arm-none.linux64_1.15.0.201708311556/tools/compiler/bin/../lib/gcc/arm-none-eabi/6.3.1/../../../../arm-none-eabi/lib/thumb/v7-m/libc.a(lib_a-mprec.o)
 .ARM.attributes
                0x00000000000009af       0x2d /home/user/Ac6/SystemWorkbench/plugins/fr.ac6.mcu.externaltools.arm-none.linux64_1.15.0.201708311556/tools/compiler/bin/../lib/gcc/arm-none-eabi/6.3.1/../../../../arm-none-eabi/lib/thumb/v7-m/libc.a(lib_a-reallocr.o)
 .ARM.attributes
                0x00000000000009dc       0x2d /home/user/Ac6/SystemWorkbench/plugins/fr.ac6.mcu.externaltools.arm-none.linux64_1.15.0.201708311556/tools/compiler/bin/../lib/gcc/arm-none-eabi/6.3.1/../../../../arm-none-eabi/lib/thumb/v7-m/libc.a(lib_a-sbrkr.o)
 .ARM.attributes
                0x0000000000000a09       0x2d /home/user/Ac6/SystemWorkbench/plugins/fr.ac6.mcu.externaltools.arm-none.linux64_1.15.0.201708311556/tools/compiler/bin/../lib/gcc/arm-none-eabi/6.3.1/../../../../arm-none-eabi/lib/thumb/v7-m/libc.a(lib_a-stdio.o)
 .ARM.attributes
                0x0000000000000a36       0x2d /home/user/Ac6/SystemWorkbench/plugins/fr.ac6.mcu.externaltools.arm-none.linux64_1.15.0.201708311556/tools/compiler/bin/../lib/gcc/arm-none-eabi/6.3.1/../../../../arm-none-eabi/lib/thumb/v7-m/libc.a(lib_a-vfiprintf.o)
 .ARM.attributes
                0x0000000000000a63       0x2d /home/user/Ac6/SystemWorkbench/plugins/fr.ac6.mcu.externaltools.arm-none.linux64_1.15.0.201708311556/tools/compiler/bin/../lib/gcc/arm-none-eabi/6.3.1/../../../../arm-none-eabi/lib/thumb/v7-m/libc.a(lib_a-writer.o)
 .ARM.attributes
                0x0000000000000a90       0x2d /home/user/Ac6/SystemWorkbench/plugins/fr.ac6.mcu.externaltools.arm-none.linux64_1.15.0.201708311556/tools/compiler/bin/../lib/gcc/arm-none-eabi/6.3.1/../../../../arm-none-eabi/lib/thumb/v7-m/libc.a(lib_a-__atexit.o)
 .ARM.attributes
                0x0000000000000abd       0x2d /home/user/Ac6/SystemWorkbench/plugins/fr.ac6.mcu.externaltools.arm-none.linux64_1.15.0.201708311556/tools/compiler/bin/../lib/gcc/arm-none-eabi/6.3.1/../../../../arm-none-eabi/lib/thumb/v7-m/libc.a(lib_a-callocr.o)
 .ARM.attributes
                0x0000000000000aea       0x2d /home/user/Ac6/SystemWorkbench/plugins/fr.ac6.mcu.externaltools.arm-none.linux64_1.15.0.201708311556/tools/compiler/bin/../lib/gcc/arm-none-eabi/6.3.1/../../../../arm-none-eabi/lib/thumb/v7-m/libc.a(lib_a-closer.o)
 .ARM.attributes
                0x0000000000000b17       0x2d /home/user/Ac6/SystemWorkbench/plugins/fr.ac6.mcu.externaltools.arm-none.linux64_1.15.0.201708311556/tools/compiler/bin/../lib/gcc/arm-none-eabi/6.3.1/../../../../arm-none-eabi/lib/thumb/v7-m/libc.a(lib_a-fclose.o)
 .ARM.attributes
                0x0000000000000b44       0x2d /home/user/Ac6/SystemWorkbench/plugins/fr.ac6.mcu.externaltools.arm-none.linux64_1.15.0.201708311556/tools/compiler/bin/../lib/gcc/arm-none-eabi/6.3.1/../../../../arm-none-eabi/lib/thumb/v7-m/libc.a(lib_a-fputwc.o)
 .ARM.attributes
                0x0000000000000b71       0x2d /home/user/Ac6/SystemWorkbench/plugins/fr.ac6.mcu.externaltools.arm-none.linux64_1.15.0.201708311556/tools/compiler/bin/../lib/gcc/arm-none-eabi/6.3.1/../../../../arm-none-eabi/lib/thumb/v7-m/libc.a(lib_a-fstatr.o)
 .ARM.attributes
                0x0000000000000b9e       0x2d /home/user/Ac6/SystemWorkbench/plugins/fr.ac6.mcu.externaltools.arm-none.linux64_1.15.0.201708311556/tools/compiler/bin/../lib/gcc/arm-none-eabi/6.3.1/../../../../arm-none-eabi/lib/thumb/v7-m/libc.a(lib_a-isattyr.o)
 .ARM.attributes
                0x0000000000000bcb       0x2d /home/user/Ac6/SystemWorkbench/plugins/fr.ac6.mcu.externaltools.arm-none.linux64_1.15.0.201708311556/tools/compiler/bin/../lib/gcc/arm-none-eabi/6.3.1/../../../../arm-none-eabi/lib/thumb/v7-m/libc.a(lib_a-locale.o)
 .ARM.attributes
                0x0000000000000bf8       0x2d /home/user/Ac6/SystemWorkbench/plugins/fr.ac6.mcu.externaltools.arm-none.linux64_1.15.0.201708311556/tools/compiler/bin/../lib/gcc/arm-none-eabi/6.3.1/../../../../arm-none-eabi/lib/thumb/v7-m/libc.a(lib_a-lseekr.o)
 .ARM.attributes
                0x0000000000000c25       0x2d /home/user/Ac6/SystemWorkbench/plugins/fr.ac6.mcu.externaltools.arm-none.linux64_1.15.0.201708311556/tools/compiler/bin/../lib/gcc/arm-none-eabi/6.3.1/../../../../arm-none-eabi/lib/thumb/v7-m/libc.a(lib_a-mbtowc_r.o)
 .ARM.attributes
                0x0000000000000c52       0x2d /home/user/Ac6/SystemWorkbench/plugins/fr.ac6.mcu.externaltools.arm-none.linux64_1.15.0.201708311556/tools/compiler/bin/../lib/gcc/arm-none-eabi/6.3.1/../../../../arm-none-eabi/lib/thumb/v7-m/libc.a(lib_a-readr.o)
 .ARM.attributes
                0x0000000000000c7f       0x2d /home/user/Ac6/SystemWorkbench/plugins/fr.ac6.mcu.externaltools.arm-none.linux64_1.15.0.201708311556/tools/compiler/bin/../lib/gcc/arm-none-eabi/6.3.1/../../../../arm-none-eabi/lib/thumb/v7-m/libc.a(lib_a-reent.o)
 .ARM.attributes
                0x0000000000000cac       0x2d /home/user/Ac6/SystemWorkbench/plugins/fr.ac6.mcu.externaltools.arm-none.linux64_1.15.0.201708311556/tools/compiler/bin/../lib/gcc/arm-none-eabi/6.3.1/../../../../arm-none-eabi/lib/thumb/v7-m/libc.a(lib_a-wbuf.o)
 .ARM.attributes
                0x0000000000000cd9       0x2d /home/user/Ac6/SystemWorkbench/plugins/fr.ac6.mcu.externaltools.arm-none.linux64_1.15.0.201708311556/tools/compiler/bin/../lib/gcc/arm-none-eabi/6.3.1/../../../../arm-none-eabi/lib/thumb/v7-m/libc.a(lib_a-wcrtomb.o)
 .ARM.attributes
                0x0000000000000d06       0x2d /home/user/Ac6/SystemWorkbench/plugins/fr.ac6.mcu.externaltools.arm-none.linux64_1.15.0.201708311556/tools/compiler/bin/../lib/gcc/arm-none-eabi/6.3.1/../../../../arm-none-eabi/lib/thumb/v7-m/libc.a(lib_a-wctomb_r.o)
 .ARM.attributes
                0x0000000000000d33       0x2d /home/user/Ac6/SystemWorkbench/plugins/fr.ac6.mcu.externaltools.arm-none.linux64_1.15.0.201708311556/tools/compiler/bin/../lib/gcc/arm-none-eabi/6.3.1/../../../../arm-none-eabi/lib/thumb/v7-m/libc.a(lib_a-ctype_.o)
 .ARM.attributes