Archive member included to satisfy reference by file (symbol)

/home/user/Ac6/SystemWorkbench/plugins/fr.ac6.mcu.externaltools.arm-none.linux64_1.15.0.201708311556/tools/compiler/bin/../lib/gcc/arm-none-eabi/6.3.1/../../../../arm-none-eabi/lib/thumb/v7-m/libc.a(lib_a-errno.o)
                              src/syscalls.o (__errno)
/home/user/Ac6/SystemWorkbench/plugins/fr.ac6.mcu.externaltools.arm-none.linux64_1.15.0.201708311556/tools/compiler/bin/../lib/gcc/arm-none-eabi/6.3.1/../../../../arm-none-eabi/lib/thumb/v7-m/libc.a(lib_a-exit.o)
                              /home/user/Ac6/SystemWorkbench/plugins/fr.ac6.mcu.externaltools.arm-none.linux64_1.15.0.201708311556/tools/compiler/bin/../lib/gcc/arm-none-eabi/6.3.1/../../../../arm-none-eabi/lib/thumb/v7-m/crt0.o (exit)
/home/user/Ac6/SystemWorkbench/plugins/fr.ac6.mcu.externaltools.arm-none.linux64_1.15.0.201708311556/tools/compiler/bin/../lib/gcc/arm-none-eabi/6.3.1/../../../../arm-none-eabi/lib/thumb/v7-m/libc.a(lib_a-impure.o)
                              /home/user/Ac6/SystemWorkbench/plugins/fr.ac6.mcu.externaltools.arm-none.linux64_1.15.0.201708311556/tools/compiler/bin/../lib/gcc/arm-none-eabi/6.3.1/../../../../arm-none-eabi/lib/thumb/v7-m/libc.a(lib_a-exit.o) (_global_impure_ptr)
/home/user/Ac6/SystemWorkbench/plugins/fr.ac6.mcu.externaltools.arm-none.linux64_1.15.0.201708311556/tools/compiler/bin/../lib/gcc/arm-none-eabi/6.3.1/../../../../arm-none-eabi/lib/thumb/v7-m/libc.a(lib_a-init.o)
                              /home/user/Ac6/SystemWorkbench/plugins/fr.ac6.mcu.externaltools.arm-none.linux64_1.15.0.201708311556/tools/compiler/bin/../lib/gcc/arm-none-eabi/6.3.1/../../../../arm-none-eabi/lib/thumb/v7-m/crt0.o (__libc_init_array)
/home/user/Ac6/SystemWorkbench/plugins/fr.ac6.mcu.externaltools.arm-none.linux64_1.15.0.201708311556/tools/compiler/bin/../lib/gcc/arm-none-eabi/6.3.1/../../../../arm-none-eabi/lib/thumb/v7-m/libc.a(lib_a-memset.o)
                              /home/user/Ac6/SystemWorkbench/plugins/fr.ac6.mcu.externaltools.arm-none.linux64_1.15.0.201708311556/tools/compiler/bin/../lib/gcc/arm-none-eabi/6.3.1/../../../../arm-none-eabi/lib/thumb/v7-m/crt0.o (memset)
/home/user/Ac6/SystemWorkbench/plugins/fr.ac6.mcu.externaltools.arm-none.linux64_1.15.0.201708311556/tools/compiler/bin/../lib/gcc/arm-none-eabi/6.3.1/../../../../arm-none-eabi/lib/thumb/v7-m/libc.a(lib_a-__call_atexit.o)
                              /home/user/Ac6/SystemWorkbench/plugins/fr.ac6.mcu.externaltools.arm-none.linux64_1.15.0.201708311556/tools/compiler/bin/../lib/gcc/arm-none-eabi/6.3.1/../../../../arm-none-eabi/lib/thumb/v7-m/libc.a(lib_a-exit.o) (__call_exitprocs)
/home/user/Ac6/SystemWorkbench/plugins/fr.ac6.mcu.externaltools.arm-none.linux64_1.15.0.201708311556/tools/compiler/bin/../lib/gcc/arm-none-eabi/6.3.1/../../../../arm-none-eabi/lib/thumb/v7-m/libc.a(lib_a-atexit.o)
                              /home/user/Ac6/SystemWorkbench/plugins/fr.ac6.mcu.externaltools.arm-none.linux64_1.15.0.201708311556/tools/compiler/bin/../lib/gcc/arm-none-eabi/6.3.1/../../../../arm-none-eabi/lib/thumb/v7-m/libc.a(lib_a-__call_atexit.o) (atexit)
/home/user/Ac6/SystemWorkbench/plugins/fr.ac6.mcu.externaltools.arm-none.linux64_1.15.0.201708311556/tools/compiler/bin/../lib/gcc/arm-none-eabi/6.3.1/../../../../arm-none-eabi/lib/thumb/v7-m/libc.a(lib_a-fini.o)
                              /home/user/Ac6/SystemWorkbench/plugins/fr.ac6.mcu.externaltools.arm-none.linux64_1.15.0.201708311556/tools/compiler/bin/../lib/gcc/arm-none-eabi/6.3.1/../../../../arm-none-eabi/lib/thumb/v7-m/libc.a(lib_a-__call_atexit.o) (__libc_fini_array)
/home/user/Ac6/SystemWorkbench/plugins/fr.ac6.mcu.externaltools.arm-none.linux64_1.15.0.201708311556/tools/compiler/bin/../lib/gcc/arm-none-eabi/6.3.1/../../../../arm-none-eabi/lib/thumb/v7-m/libc.a(lib_a-lock.o)
                              /home/user/Ac6/SystemWorkbench/plugins/fr.ac6.mcu.externaltools.arm-none.linux64_1.15.0.201708311556/tools/compiler/bin/../lib/gcc/arm-none-eabi/6.3.1/../../../../arm-none-eabi/lib/thumb/v7-m/libc.a(lib_a-__call_atexit.o) (__retarget_lock_acquire_recursive)
/home/user/Ac6/SystemWorkbench/plugins/fr.ac6.mcu.externaltools.arm-none.linux64_1.15.0.201708311556/tools/compiler/bin/../lib/gcc/arm-none-eabi/6.3.1/../../../../arm-none-eabi/lib/thumb/v7-m/libc.a(lib_a-__atexit.o)
                              /home/user/Ac6/SystemWorkbench/plugins/fr.ac6.mcu.externaltools.arm-none.linux64_1.15.0.201708311556/tools/compiler/bin/../lib/gcc/arm-none-eabi/6.3.1/../../../../arm-none-eabi/lib/thumb/v7-m/libc.a(lib_a-atexit.o) (__register_exitproc)

Allocating common symbols
Common symbol       size              file

__lock___atexit_recursive_mutex
                    0x1               /home/user/Ac6/SystemWorkbench/plugins/fr.ac6.mcu.externaltools.arm-none.linux64_1.15.0.201708311556/tools/compiler/bin/../lib/gcc/arm-none-eabi/6.3.1/../../../../arm-none-eabi/lib/thumb/v7-m/libc.a(lib_a-lock.o)
__lock___arc4random_mutex
[...]
Memory Configuration

Name             Origin             Length             Attributes
RAM              0x0000000020000000 0x0000000000010000 xrw
ROM              0x0000000008000000 0x0000000000080000 xr
*default*        0x0000000000000000 0xffffffffffffffff

Linker script and memory map

LOAD /home/user/Ac6/SystemWorkbench/plugins/fr.ac6.mcu.externaltools.arm-none.linux64_1.15.0.201708311556/tools/compiler/bin/../lib/gcc/arm-none-eabi/6.3.1/thumb/v7-m/crti.o
LOAD /home/user/Ac6/SystemWorkbench/plugins/fr.ac6.mcu.externaltools.arm-none.linux64_1.15.0.201708311556/tools/compiler/bin/../lib/gcc/arm-none-eabi/6.3.1/thumb/v7-m/crtbegin.o
LOAD /home/user/Ac6/SystemWorkbench/plugins/fr.ac6.mcu.externaltools.arm-none.linux64_1.15.0.201708311556/tools/compiler/bin/../lib/gcc/arm-none-eabi/6.3.1/../../../../arm-none-eabi/lib/thumb/v7-m/crt0.o
LOAD CMSIS/core/core_cm3.o
LOAD StdPeriph_Driver/src/misc.o
LOAD StdPeriph_Driver/src/stm32f10x_adc.o
LOAD StdPeriph_Driver/src/stm32f10x_bkp.o
LOAD StdPeriph_Driver/src/stm32f10x_can.o
LOAD StdPeriph_Driver/src/stm32f10x_cec.o
LOAD StdPeriph_Driver/src/stm32f10x_crc.o
LOAD StdPeriph_Driver/src/stm32f10x_dac.o
LOAD StdPeriph_Driver/src/stm32f10x_dbgmcu.o
LOAD StdPeriph_Driver/src/stm32f10x_dma.o
LOAD StdPeriph_Driver/src/stm32f10x_exti.o
LOAD StdPeriph_Driver/src/stm32f10x_flash.o
LOAD StdPeriph_Driver/src/stm32f10x_fsmc.o
LOAD StdPeriph_Driver/src/stm32f10x_gpio.o
LOAD StdPeriph_Driver/src/stm32f10x_i2c.o
LOAD StdPeriph_Driver/src/stm32f10x_iwdg.o
LOAD StdPeriph_Driver/src/stm32f10x_pwr.o
LOAD StdPeriph_Driver/src/stm32f10x_rcc.o
LOAD StdPeriph_Driver/src/stm32f10x_rtc.o
LOAD StdPeriph_Driver/src/stm32f10x_sdio.o
LOAD StdPeriph_Driver/src/stm32f10x_spi.o
LOAD StdPeriph_Driver/src/stm32f10x_tim.o
LOAD StdPeriph_Driver/src/stm32f10x_usart.o
LOAD StdPeriph_Driver/src/stm32f10x_wwdg.o
LOAD src/can.o
LOAD src/delay.o
LOAD src/main.o
LOAD src/syscalls.o
LOAD src/system_stm32f10x.o
LOAD startup/startup_stm32.o
LOAD /home/user/Ac6/SystemWorkbench/plugins/fr.ac6.mcu.externaltools.arm-none.linux64_1.15.0.201708311556/tools/compiler/bin/../lib/gcc/arm-none-eabi/6.3.1/../../../../arm-none-eabi/lib/thumb/v7-m/libm.a
START GROUP
LOAD /home/user/Ac6/SystemWorkbench/plugins/fr.ac6.mcu.externaltools.arm-none.linux64_1.15.0.201708311556/tools/compiler/bin/../lib/gcc/arm-none-eabi/6.3.1/thumb/v7-m/libgcc.a
LOAD /home/user/Ac6/SystemWorkbench/plugins/fr.ac6.mcu.externaltools.arm-none.linux64_1.15.0.201708311556/tools/compiler/bin/../lib/gcc/arm-none-eabi/6.3.1/../../../../arm-none-eabi/lib/thumb/v7-m/libc.a
END GROUP
LOAD /home/user/Ac6/SystemWorkbench/plugins/fr.ac6.mcu.externaltools.arm-none.linux64_1.15.0.201708311556/tools/compiler/bin/../lib/gcc/arm-none-eabi/6.3.1/thumb/v7-m/crtend.o
LOAD /home/user/Ac6/SystemWorkbench/plugins/fr.ac6.mcu.externaltools.arm-none.linux64_1.15.0.201708311556/tools/compiler/bin/../lib/gcc/arm-none-eabi/6.3.1/thumb/v7-m/crtn.o
                0x0000000020010000                _estack = 0x20010000
                0x0000000000000000                _Min_Heap_Size = 0x0
                0x0000000000000400                _Min_Stack_Size = 0x400

.isr_vector     0x0000000008000000      0x130
                0x0000000008000000                . = ALIGN (0x4)
 *(.isr_vector)
 .isr_vector    0x0000000008000000      0x130 startup/startup_stm32.o
                0x0000000008000000                g_pfnVectors
                0x0000000008000130                . = ALIGN (0x4)

.text           0x0000000008000130     0x1b6c
                0x0000000008000130                . = ALIGN (0x4)
 *(.text)
 .text          0x0000000008000130       0x6c /home/user/Ac6/SystemWorkbench/plugins/fr.ac6.mcu.externaltools.arm-none.linux64_1.15.0.201708311556/tools/compiler/bin/../lib/gcc/arm-none-eabi/6.3.1/thumb/v7-m/crtbegin.o
 *(.text*)
 .text.NVIC_Init
                0x000000000800019c       0xc4 StdPeriph_Driver/src/misc.o
                0x000000000800019c                NVIC_Init
 .text.CAN_DeInit
                0x0000000008000260       0x48 StdPeriph_Driver/src/stm32f10x_can.o
                0x0000000008000260                CAN_DeInit
 .text.CAN_Init
                0x00000000080002a8      0x1a0 StdPeriph_Driver/src/stm32f10x_can.o
                0x00000000080002a8                CAN_Init
 .text.CAN_FilterInit
                0x0000000008000448      0x174 StdPeriph_Driver/src/stm32f10x_can.o
                0x0000000008000448                CAN_FilterInit
 .text.CAN_StructInit
                0x00000000080005bc       0x54 StdPeriph_Driver/src/stm32f10x_can.o
                0x00000000080005bc                CAN_StructInit
 .text.CAN_Transmit
                0x0000000008000610      0x19a StdPeriph_Driver/src/stm32f10x_can.o
                0x0000000008000610                CAN_Transmit
 .text.CAN_Receive
                0x00000000080007aa      0x17a StdPeriph_Driver/src/stm32f10x_can.o
                0x00000000080007aa                CAN_Receive
 .text.CAN_GetLastErrorCode
                0x0000000008000924       0x24 StdPeriph_Driver/src/stm32f10x_can.o
                0x0000000008000924                CAN_GetLastErrorCode
 .text.CAN_GetReceiveErrorCounter
                0x0000000008000948       0x20 StdPeriph_Driver/src/stm32f10x_can.o
                0x0000000008000948                CAN_GetReceiveErrorCounter
 .text.CAN_GetLSBTransmitErrorCounter
                0x0000000008000968       0x20 StdPeriph_Driver/src/stm32f10x_can.o
                0x0000000008000968                CAN_GetLSBTransmitErrorCounter
 .text.CAN_ITConfig
                0x0000000008000988       0x3a StdPeriph_Driver/src/stm32f10x_can.o
                0x0000000008000988                CAN_ITConfig
 *fill*         0x00000000080009c2        0x2 
 .text.CAN_ClearFlag
                0x00000000080009c4       0x70 StdPeriph_Driver/src/stm32f10x_can.o
                0x00000000080009c4                CAN_ClearFlag
 .text.CAN_GetITStatus
                0x0000000008000a34      0x194 StdPeriph_Driver/src/stm32f10x_can.o
                0x0000000008000a34                CAN_GetITStatus
 .text.CAN_ClearITPendingBit
                0x0000000008000bc8       0xdc StdPeriph_Driver/src/stm32f10x_can.o
                0x0000000008000bc8                CAN_ClearITPendingBit
 .text.CheckITStatus
                0x0000000008000ca4       0x2e StdPeriph_Driver/src/stm32f10x_can.o
 .text.GPIO_Init
                0x0000000008000cd2      0x178 StdPeriph_Driver/src/stm32f10x_gpio.o
                0x0000000008000cd2                GPIO_Init
 *fill*         0x0000000008000e4a        0x2 
 .text.RCC_DeInit
                0x0000000008000e4c       0x5c StdPeriph_Driver/src/stm32f10x_rcc.o
                0x0000000008000e4c                RCC_DeInit
 .text.RCC_HSEConfig
                0x0000000008000ea8       0x5c StdPeriph_Driver/src/stm32f10x_rcc.o
                0x0000000008000ea8                RCC_HSEConfig
 .text.RCC_WaitForHSEStartUp
                0x0000000008000f04       0x50 StdPeriph_Driver/src/stm32f10x_rcc.o
                0x0000000008000f04                RCC_WaitForHSEStartUp
 .text.RCC_PLLConfig
                0x0000000008000f54       0x3c StdPeriph_Driver/src/stm32f10x_rcc.o
                0x0000000008000f54                RCC_PLLConfig
 .text.RCC_PLLCmd
                0x0000000008000f90       0x20 StdPeriph_Driver/src/stm32f10x_rcc.o
                0x0000000008000f90                RCC_PLLCmd
 .text.RCC_SYSCLKConfig
                0x0000000008000fb0       0x38 StdPeriph_Driver/src/stm32f10x_rcc.o
                0x0000000008000fb0                RCC_SYSCLKConfig
 .text.RCC_GetSYSCLKSource
                0x0000000008000fe8       0x1c StdPeriph_Driver/src/stm32f10x_rcc.o
                0x0000000008000fe8                RCC_GetSYSCLKSource
 .text.RCC_HCLKConfig
                0x0000000008001004       0x38 StdPeriph_Driver/src/stm32f10x_rcc.o
                0x0000000008001004                RCC_HCLKConfig
 .text.RCC_PCLK1Config
                0x000000000800103c       0x38 StdPeriph_Driver/src/stm32f10x_rcc.o
                0x000000000800103c                RCC_PCLK1Config
 .text.RCC_PCLK2Config
                0x0000000008001074       0x38 StdPeriph_Driver/src/stm32f10x_rcc.o
                0x0000000008001074                RCC_PCLK2Config
 .text.RCC_ADCCLKConfig
                0x00000000080010ac       0x38 StdPeriph_Driver/src/stm32f10x_rcc.o
                0x00000000080010ac                RCC_ADCCLKConfig
 .text.RCC_GetClocksFreq
                0x00000000080010e4      0x160 StdPeriph_Driver/src/stm32f10x_rcc.o
                0x00000000080010e4                RCC_GetClocksFreq
 .text.RCC_APB2PeriphClockCmd
                0x0000000008001244       0x3c StdPeriph_Driver/src/stm32f10x_rcc.o
                0x0000000008001244                RCC_APB2PeriphClockCmd
 .text.RCC_APB1PeriphClockCmd
                0x0000000008001280       0x3c StdPeriph_Driver/src/stm32f10x_rcc.o
                0x0000000008001280                RCC_APB1PeriphClockCmd
 .text.RCC_APB1PeriphResetCmd
                0x00000000080012bc       0x3c StdPeriph_Driver/src/stm32f10x_rcc.o
                0x00000000080012bc                RCC_APB1PeriphResetCmd
 .text.RCC_GetFlagStatus
                0x00000000080012f8       0x74 StdPeriph_Driver/src/stm32f10x_rcc.o
                0x00000000080012f8                RCC_GetFlagStatus
 .text.NVIC_EnableIRQ
                0x000000000800136c       0x30 src/can.o
 .text.Init_CAN
                0x000000000800139c      0x208 src/can.o
                0x000000000800139c                Init_CAN
 .text.USB_HP_CAN_TX_IRQHandler
                0x00000000080015a4       0x24 src/can.o
                0x00000000080015a4                USB_HP_CAN_TX_IRQHandler
 .text.CAN_RX1_IRQHandler
                0x00000000080015c8       0xac src/can.o
                0x00000000080015c8                CAN_RX1_IRQHandler
 .text.USB_LP_CAN_RX0_IRQHandler
                0x0000000008001674       0xb0 src/can.o
                0x0000000008001674                USB_LP_CAN_RX0_IRQHandler
 .text.CAN_SCE_IRQHandler
                0x0000000008001724      0x11c src/can.o
                0x0000000008001724                CAN_SCE_IRQHandler
 .text.CAN_Send_Test
                0x0000000008001840       0x64 src/can.o
                0x0000000008001840                CAN_Send_Test
 .text.RCC_Config
                0x00000000080018a4       0x7c src/main.o
                0x00000000080018a4                RCC_Config
 .text.main     0x0000000008001920       0x2a src/main.o
                0x0000000008001920                main
 *fill*         0x000000000800194a        0x2 
 .text.SystemInit
                0x000000000800194c       0x68 src/system_stm32f10x.o
                0x000000000800194c                SystemInit
 .text.SetSysClock
                0x00000000080019b4        0xc src/system_stm32f10x.o
 .text.SetSysClockTo72
                0x00000000080019c0      0x100 src/system_stm32f10x.o
 .text.Reset_Handler
                0x0000000008001ac0       0x50 startup/startup_stm32.o
                0x0000000008001ac0                Reset_Handler
 .text.Default_Handler
                0x0000000008001b10        0x2 startup/startup_stm32.o
                0x0000000008001b10                EXTI2_IRQHandler
                0x0000000008001b10                TIM8_TRG_COM_IRQHandler
                0x0000000008001b10                TIM8_CC_IRQHandler
                0x0000000008001b10                DebugMon_Handler
                0x0000000008001b10                TIM1_CC_IRQHandler
                0x0000000008001b10                HardFault_Handler
                0x0000000008001b10                TIM6_IRQHandler
                0x0000000008001b10                SysTick_Handler
                0x0000000008001b10                PVD_IRQHandler
                0x0000000008001b10                SDIO_IRQHandler
                0x0000000008001b10                PendSV_Handler
                0x0000000008001b10                NMI_Handler
                0x0000000008001b10                EXTI3_IRQHandler
                0x0000000008001b10                EXTI0_IRQHandler
                0x0000000008001b10                I2C2_EV_IRQHandler
                0x0000000008001b10                UsageFault_Handler
                0x0000000008001b10                ADC1_2_IRQHandler
                0x0000000008001b10                SPI1_IRQHandler
                0x0000000008001b10                TAMPER_IRQHandler
                0x0000000008001b10                TIM8_UP_IRQHandler
                0x0000000008001b10                DMA2_Channel2_IRQHandler
                0x0000000008001b10                DMA1_Channel4_IRQHandler
                0x0000000008001b10                USART3_IRQHandler
                0x0000000008001b10                RTC_IRQHandler
                0x0000000008001b10                DMA1_Channel7_IRQHandler
                0x0000000008001b10                UART5_IRQHandler
                0x0000000008001b10                ADC3_IRQHandler
                0x0000000008001b10                TIM4_IRQHandler
                0x0000000008001b10                DMA2_Channel1_IRQHandler
                0x0000000008001b10                I2C1_EV_IRQHandler
                0x0000000008001b10                DMA1_Channel6_IRQHandler
                0x0000000008001b10                UART4_IRQHandler
                0x0000000008001b10                TIM3_IRQHandler
                0x0000000008001b10                RCC_IRQHandler
                0x0000000008001b10                TIM1_TRG_COM_IRQHandler
                0x0000000008001b10                DMA1_Channel1_IRQHandler
                0x0000000008001b10                Default_Handler
                0x0000000008001b10                EXTI15_10_IRQHandler
                0x0000000008001b10                TIM7_IRQHandler
                0x0000000008001b10                TIM5_IRQHandler
                0x0000000008001b10                EXTI9_5_IRQHandler
                0x0000000008001b10                SPI2_IRQHandler
                0x0000000008001b10                MemManage_Handler
                0x0000000008001b10                SVC_Handler
                0x0000000008001b10                DMA1_Channel5_IRQHandler
                0x0000000008001b10                EXTI4_IRQHandler
                0x0000000008001b10                DMA1_Channel3_IRQHandler
                0x0000000008001b10                FSMC_IRQHandler
                0x0000000008001b10                TIM1_UP_IRQHandler
                0x0000000008001b10                WWDG_IRQHandler
                0x0000000008001b10                TIM2_IRQHandler
                0x0000000008001b10                TIM1_BRK_IRQHandler
                0x0000000008001b10                EXTI1_IRQHandler
                0x0000000008001b10                RTCAlarm_IRQHandler
                0x0000000008001b10                DMA2_Channel4_5_IRQHandler
                0x0000000008001b10                USART2_IRQHandler
                0x0000000008001b10                I2C2_ER_IRQHandler
                0x0000000008001b10                DMA1_Channel2_IRQHandler
                0x0000000008001b10                TIM8_BRK_IRQHandler
                0x0000000008001b10                FLASH_IRQHandler
                0x0000000008001b10                BusFault_Handler
                0x0000000008001b10                USART1_IRQHandler
                0x0000000008001b10                SPI3_IRQHandler
                0x0000000008001b10                I2C1_ER_IRQHandler
                0x0000000008001b10                DMA2_Channel3_IRQHandler
 *fill*         0x0000000008001b12        0x2 
 .text.__libc_init_array
                0x0000000008001b14       0x50 /home/user/Ac6/SystemWorkbench/plugins/fr.ac6.mcu.externaltools.arm-none.linux64_1.15.0.201708311556/tools/compiler/bin/../lib/gcc/arm-none-eabi/6.3.1/../../../../arm-none-eabi/lib/thumb/v7-m/libc.a(lib_a-init.o)
                0x0000000008001b14                __libc_init_array
 .text.startup.register_fini
                0x0000000008001b64       0x14 /home/user/Ac6/SystemWorkbench/plugins/fr.ac6.mcu.externaltools.arm-none.linux64_1.15.0.201708311556/tools/compiler/bin/../lib/gcc/arm-none-eabi/6.3.1/../../../../arm-none-eabi/lib/thumb/v7-m/libc.a(lib_a-__call_atexit.o)
 .text.atexit   0x0000000008001b78        0xc /home/user/Ac6/SystemWorkbench/plugins/fr.ac6.mcu.externaltools.arm-none.linux64_1.15.0.201708311556/tools/compiler/bin/../lib/gcc/arm-none-eabi/6.3.1/../../../../arm-none-eabi/lib/thumb/v7-m/libc.a(lib_a-atexit.o)
                0x0000000008001b78                atexit
 .text.__libc_fini_array
                0x0000000008001b84       0x34 /home/user/Ac6/SystemWorkbench/plugins/fr.ac6.mcu.externaltools.arm-none.linux64_1.15.0.201708311556/tools/compiler/bin/../lib/gcc/arm-none-eabi/6.3.1/../../../../arm-none-eabi/lib/thumb/v7-m/libc.a(lib_a-fini.o)
                0x0000000008001b84                __libc_fini_array
 .text.__retarget_lock_acquire_recursive
                0x0000000008001bb8        0x4 /home/user/Ac6/SystemWorkbench/plugins/fr.ac6.mcu.externaltools.arm-none.linux64_1.15.0.201708311556/tools/compiler/bin/../lib/gcc/arm-none-eabi/6.3.1/../../../../arm-none-eabi/lib/thumb/v7-m/libc.a(lib_a-lock.o)
                0x0000000008001bb8                __retarget_lock_acquire_recursive
 .text.__retarget_lock_release_recursive
                0x0000000008001bbc        0x4 /home/user/Ac6/SystemWorkbench/plugins/fr.ac6.mcu.externaltools.arm-none.linux64_1.15.0.201708311556/tools/compiler/bin/../lib/gcc/arm-none-eabi/6.3.1/../../../../arm-none-eabi/lib/thumb/v7-m/libc.a(lib_a-lock.o)
                0x0000000008001bbc                __retarget_lock_release_recursive
 .text.__register_exitproc
                0x0000000008001bc0       0xc4 /home/user/Ac6/SystemWorkbench/plugins/fr.ac6.mcu.externaltools.arm-none.linux64_1.15.0.201708311556/tools/compiler/bin/../lib/gcc/arm-none-eabi/6.3.1/../../../../arm-none-eabi/lib/thumb/v7-m/libc.a(lib_a-__atexit.o)
                0x0000000008001bc0                __register_exitproc
 *(.glue_7)
 .glue_7        0x0000000008001c84        0x0 linker stubs
 *(.glue_7t)
 .glue_7t       0x0000000008001c84        0x0 linker stubs
 *(.eh_frame)
 .eh_frame      0x0000000008001c84        0x0 /home/user/Ac6/SystemWorkbench/plugins/fr.ac6.mcu.externaltools.arm-none.linux64_1.15.0.201708311556/tools/compiler/bin/../lib/gcc/arm-none-eabi/6.3.1/thumb/v7-m/crtbegin.o
 *(.init)
 .init          0x0000000008001c84        0x4 /home/user/Ac6/SystemWorkbench/plugins/fr.ac6.mcu.externaltools.arm-none.linux64_1.15.0.201708311556/tools/compiler/bin/../lib/gcc/arm-none-eabi/6.3.1/thumb/v7-m/crti.o
                0x0000000008001c84                _init
 .init          0x0000000008001c88        0x8 /home/user/Ac6/SystemWorkbench/plugins/fr.ac6.mcu.externaltools.arm-none.linux64_1.15.0.201708311556/tools/compiler/bin/../lib/gcc/arm-none-eabi/6.3.1/thumb/v7-m/crtn.o
 *(.fini)
 .fini          0x0000000008001c90        0x4 /home/user/Ac6/SystemWorkbench/plugins/fr.ac6.mcu.externaltools.arm-none.linux64_1.15.0.201708311556/tools/compiler/bin/../lib/gcc/arm-none-eabi/6.3.1/thumb/v7-m/crti.o
                0x0000000008001c90                _fini
 .fini          0x0000000008001c94        0x8 /home/user/Ac6/SystemWorkbench/plugins/fr.ac6.mcu.externaltools.arm-none.linux64_1.15.0.201708311556/tools/compiler/bin/../lib/gcc/arm-none-eabi/6.3.1/thumb/v7-m/crtn.o
                0x0000000008001c9c                . = ALIGN (0x4)
                0x0000000008001c9c                _etext = .

.vfp11_veneer   0x0000000008001c9c        0x0
 .vfp11_veneer  0x0000000008001c9c        0x0 linker stubs

.v4_bx          0x0000000008001c9c        0x0
 .v4_bx         0x0000000008001c9c        0x0 linker stubs

.iplt           0x0000000008001c9c        0x0
 .iplt          0x0000000008001c9c        0x0 /home/user/Ac6/SystemWorkbench/plugins/fr.ac6.mcu.externaltools.arm-none.linux64_1.15.0.201708311556/tools/compiler/bin/../lib/gcc/arm-none-eabi/6.3.1/thumb/v7-m/crtbegin.o

.rodata         0x0000000008001c9c        0x4
                0x0000000008001c9c                . = ALIGN (0x4)
 *(.rodata)
 *(.rodata*)
 .rodata._global_impure_ptr
                0x0000000008001c9c        0x4 /home/user/Ac6/SystemWorkbench/plugins/fr.ac6.mcu.externaltools.arm-none.linux64_1.15.0.201708311556/tools/compiler/bin/../lib/gcc/arm-none-eabi/6.3.1/../../../../arm-none-eabi/lib/thumb/v7-m/libc.a(lib_a-impure.o)
                0x0000000008001c9c                _global_impure_ptr
                0x0000000008001ca0                . = ALIGN (0x4)

.rel.dyn        0x0000000008001ca0        0x0
 .rel.iplt      0x0000000008001ca0        0x0 /home/user/Ac6/SystemWorkbench/plugins/fr.ac6.mcu.externaltools.arm-none.linux64_1.15.0.201708311556/tools/compiler/bin/../lib/gcc/arm-none-eabi/6.3.1/thumb/v7-m/crtbegin.o

.ARM.extab      0x0000000008001ca0        0x0
                0x0000000008001ca0                . = ALIGN (0x4)
 *(.ARM.extab* .gnu.linkonce.armextab.*)
                0x0000000008001ca0                . = ALIGN (0x4)

.ARM            0x0000000008001ca0        0x0
                0x0000000008001ca0                . = ALIGN (0x4)
                0x0000000008001ca0                __exidx_start = .
 *(.ARM.exidx*)
                0x0000000008001ca0                __exidx_end = .
                0x0000000008001ca0                . = ALIGN (0x4)

.preinit_array  0x0000000008001ca0        0x0
                0x0000000008001ca0                . = ALIGN (0x4)
                0x0000000008001ca0                PROVIDE (__preinit_array_start, .)
 *(.preinit_array*)
                0x0000000008001ca0                PROVIDE (__preinit_array_end, .)
                0x0000000008001ca0                . = ALIGN (0x4)

.init_array     0x0000000008001ca0        0x8
                0x0000000008001ca0                . = ALIGN (0x4)
                0x0000000008001ca0                PROVIDE (__init_array_start, .)
 *(SORT(.init_array.*))
 .init_array.00000
                0x0000000008001ca0        0x4 /home/user/Ac6/SystemWorkbench/plugins/fr.ac6.mcu.externaltools.arm-none.linux64_1.15.0.201708311556/tools/compiler/bin/../lib/gcc/arm-none-eabi/6.3.1/../../../../arm-none-eabi/lib/thumb/v7-m/libc.a(lib_a-__call_atexit.o)
 *(.init_array*)
 .init_array    0x0000000008001ca4        0x4 /home/user/Ac6/SystemWorkbench/plugins/fr.ac6.mcu.externaltools.arm-none.linux64_1.15.0.201708311556/tools/compiler/bin/../lib/gcc/arm-none-eabi/6.3.1/thumb/v7-m/crtbegin.o
                0x0000000008001ca8                PROVIDE (__init_array_end, .)
                0x0000000008001ca8                . = ALIGN (0x4)

.fini_array     0x0000000008001ca8        0x4
                0x0000000008001ca8                . = ALIGN (0x4)
                0x0000000008001ca8                PROVIDE (__fini_array_start, .)
 *(SORT(.fini_array.*))
 *(.fini_array*)
 .fini_array    0x0000000008001ca8        0x4 /home/user/Ac6/SystemWorkbench/plugins/fr.ac6.mcu.externaltools.arm-none.linux64_1.15.0.201708311556/tools/compiler/bin/../lib/gcc/arm-none-eabi/6.3.1/thumb/v7-m/crtbegin.o
                0x0000000008001cac                PROVIDE (__fini_array_end, .)
                0x0000000008001cac                . = ALIGN (0x4)
                0x0000000008001cac                _sidata = LOADADDR (.data)

.data           0x0000000020000000      0x444 load address 0x0000000008001cac
                0x0000000020000000                . = ALIGN (0x4)
                0x0000000020000000                _sdata = .
 *(.data)
 .data          0x0000000020000000       0x14 StdPeriph_Driver/src/stm32f10x_rcc.o
 *(.data*)
 *fill*         0x0000000020000014        0x4 
 .data.impure_data
                0x0000000020000018      0x428 /home/user/Ac6/SystemWorkbench/plugins/fr.ac6.mcu.externaltools.arm-none.linux64_1.15.0.201708311556/tools/compiler/bin/../lib/gcc/arm-none-eabi/6.3.1/../../../../arm-none-eabi/lib/thumb/v7-m/libc.a(lib_a-impure.o)
 .data.__atexit_recursive_mutex
                0x0000000020000440        0x4 /home/user/Ac6/SystemWorkbench/plugins/fr.ac6.mcu.externaltools.arm-none.linux64_1.15.0.201708311556/tools/compiler/bin/../lib/gcc/arm-none-eabi/6.3.1/../../../../arm-none-eabi/lib/thumb/v7-m/libc.a(lib_a-__call_atexit.o)
                0x0000000020000440                __atexit_recursive_mutex
                0x0000000020000444                . = ALIGN (0x4)
                0x0000000020000444                _edata = .

.jcr            0x0000000020000444        0x0 load address 0x00000000080020f0
 .jcr           0x0000000020000444        0x0 /home/user/Ac6/SystemWorkbench/plugins/fr.ac6.mcu.externaltools.arm-none.linux64_1.15.0.201708311556/tools/compiler/bin/../lib/gcc/arm-none-eabi/6.3.1/thumb/v7-m/crtbegin.o

.igot.plt       0x0000000020000444        0x0 load address 0x00000000080020f0
 .igot.plt      0x0000000020000444        0x0 /home/user/Ac6/SystemWorkbench/plugins/fr.ac6.mcu.externaltools.arm-none.linux64_1.15.0.201708311556/tools/compiler/bin/../lib/gcc/arm-none-eabi/6.3.1/thumb/v7-m/crtbegin.o
                0x0000000020000444                . = ALIGN (0x4)

.bss            0x0000000020000444       0x44 load address 0x00000000080020f0
                0x0000000020000444                _sbss = .
                0x0000000020000444                __bss_start__ = _sbss
 *(.bss)
 .bss           0x0000000020000444       0x1c /home/user/Ac6/SystemWorkbench/plugins/fr.ac6.mcu.externaltools.arm-none.linux64_1.15.0.201708311556/tools/compiler/bin/../lib/gcc/arm-none-eabi/6.3.1/thumb/v7-m/crtbegin.o
 .bss           0x0000000020000460        0x1 src/can.o
                0x0000000020000460                errcnt
 *(.bss*)
 *(COMMON)
 COMMON         0x0000000020000461        0x1 src/can.o
                0x0000000020000461                num
 *fill*         0x0000000020000462        0x2 
 COMMON         0x0000000020000464       0x21 /home/user/Ac6/SystemWorkbench/plugins/fr.ac6.mcu.externaltools.arm-none.linux64_1.15.0.201708311556/tools/compiler/bin/../lib/gcc/arm-none-eabi/6.3.1/../../../../arm-none-eabi/lib/thumb/v7-m/libc.a(lib_a-lock.o)
                0x0000000020000464                __lock___atexit_recursive_mutex
                0x0000000020000468                __lock___arc4random_mutex
                0x000000002000046c                __lock___env_recursive_mutex
                0x0000000020000470                __lock___sinit_recursive_mutex
                0x0000000020000474                __lock___malloc_recursive_mutex
                0x0000000020000478                __lock___at_quick_exit_mutex
                0x000000002000047c                __lock___dd_hash_mutex
                0x0000000020000480                __lock___tz_mutex
                0x0000000020000484                __lock___sfp_recursive_mutex
                0x0000000020000488                . = ALIGN (0x4)
 *fill*         0x0000000020000485        0x3 
                0x0000000020000488                _ebss = .
                0x0000000020000488                __bss_end__ = _ebss

._user_heap_stack
                0x0000000020000488      0x400 load address 0x00000000080020f0
                0x0000000020000488                . = ALIGN (0x8)
                0x0000000020000488                PROVIDE (end, .)
                [!provide]                        PROVIDE (_end, .)
                0x0000000020000488                . = (. + _Min_Heap_Size)
                0x0000000020000888                . = (. + _Min_Stack_Size)
 *fill*         0x0000000020000488      0x400 
                0x0000000020000888                . = ALIGN (0x8)

/DISCARD/
 libc.a(*)
 libm.a(*)
 libgcc.a(*)

.ARM.attributes
                0x0000000000000000       0x29
 *(.ARM.attributes)
 .ARM.attributes
                0x0000000000000000       0x1d /home/user/Ac6/SystemWorkbench/plugins/fr.ac6.mcu.externaltools.arm-none.linux64_1.15.0.201708311556/tools/compiler/bin/../lib/gcc/arm-none-eabi/6.3.1/thumb/v7-m/crti.o
 .ARM.attributes
                0x000000000000001d       0x2d /home/user/Ac6/SystemWorkbench/plugins/fr.ac6.mcu.externaltools.arm-none.linux64_1.15.0.201708311556/tools/compiler/bin/../lib/gcc/arm-none-eabi/6.3.1/thumb/v7-m/crtbegin.o
 .ARM.attributes
                0x000000000000004a       0x33 StdPeriph_Driver/src/misc.o
 .ARM.attributes
                0x000000000000007d       0x33 StdPeriph_Driver/src/stm32f10x_can.o
 .ARM.attributes
                0x00000000000000b0       0x33 StdPeriph_Driver/src/stm32f10x_gpio.o
 .ARM.attributes
                0x00000000000000e3       0x33 StdPeriph_Driver/src/stm32f10x_rcc.o
 .ARM.attributes
                0x0000000000000116       0x33 src/can.o
 .ARM.attributes
                0x0000000000000149       0x33 src/main.o
 .ARM.attributes
                0x000000000000017c       0x33 src/system_stm32f10x.o
 .ARM.attributes
                0x00000000000001af       0x21 startup/startup_stm32.o
 .ARM.attributes
                0x00000000000001d0       0x2d /home/user/Ac6/SystemWorkbench/plugins/fr.ac6.mcu.externaltools.arm-none.linux64_1.15.0.201708311556/tools/compiler/bin/../lib/gcc/arm-none-eabi/6.3.1/../../../../arm-none-eabi/lib/thumb/v7-m/libc.a(lib_a-impure.o)
 .ARM.attributes
                0x00000000000001fd       0x2d /home/user/Ac6/SystemWorkbench/plugins/fr.ac6.mcu.externaltools.arm-none.linux64_1.15.0.201708311556/tools/compiler/bin/../lib/gcc/arm-none-eabi/6.3.1/../../../../arm-none-eabi/lib/thumb/v7-m/libc.a(lib_a-init.o)
 .ARM.attributes
                0x000000000000022a       0x2d /home/user/Ac6/SystemWorkbench/plugins/fr.ac6.mcu.externaltools.arm-none.linux64_1.15.0.201708311556/tools/compiler/bin/../lib/gcc/arm-none-eabi/6.3.1/../../../../arm-none-eabi/lib/thumb/v7-m/libc.a(lib_a-__call_atexit.o)
 .ARM.attributes
                0x0000000000000257       0x2d /home/user/Ac6/SystemWorkbench/plugins/fr.ac6.mcu.externaltools.arm-none.linux64_1.15.0.201708311556/tools/compiler/bin/../lib/gcc/arm-none-eabi/6.3.1/../../../../arm-none-eabi/lib/thumb/v7-m/libc.a(lib_a-atexit.o)
 .ARM.attributes
                0x0000000000000284       0x2d /home/user/Ac6/SystemWorkbench/plugins/fr.ac6.mcu.externaltools.arm-none.linux64_1.15.0.201708311556/tools/compiler/bin/../lib/gcc/arm-none-eabi/6.3.1/../../../../arm-none-eabi/lib/thumb/v7-m/libc.a(lib_a-fini.o)
 .ARM.attributes
                0x00000000000002b1       0x2d /home/user/Ac6/SystemWorkbench/plugins/fr.ac6.mcu.externaltools.arm-none.linux64_1.15.0.201708311556/tools/compiler/bin/../lib/gcc/arm-none-eabi/6.3.1/../../../../arm-none-eabi/lib/thumb/v7-m/libc.a(lib_a-lock.o)
 .ARM.attributes
                0x00000000000002de       0x2d /home/user/Ac6/SystemWorkbench/plugins/fr.ac6.mcu.externaltools.arm-none.linux64_1.15.0.201708311556/tools/compiler/bin/../lib/gcc/arm-none-eabi/6.3.1/../../../../arm-none-eabi/lib/thumb/v7-m/libc.a(lib_a-__atexit.o)
 .ARM.attributes
                0x000000000000030b       0x1d /home/user/Ac6/SystemWorkbench/plugins/fr.ac6.mcu.externaltools.arm-none.linux64_1.15.0.201708311556/tools/compiler/bin/../lib/gcc/arm-none-eabi/6.3.1/thumb/v7-m/crtn.o
OUTPUT(CAN_protocol_stm32f103_SPL.elf elf32-littlearm)

.debug_info     0x0000000000000000     0x31b9
 .debug_info    0x0000000000000000      0x4ed StdPeriph_Driver/src/misc.o
 .debug_info    0x00000000000004ed      0xb9d StdPeriph_Driver/src/stm32f10x_can.o
 .debug_info    0x000000000000108a      0x6ef StdPeriph_Driver/src/stm32f10x_gpio.o
 .debug_info    0x0000000000001779      0x8a0 StdPeriph_Driver/src/stm32f10x_rcc.o
 .debug_info    0x0000000000002019      0xafb src/can.o
 .debug_info    0x0000000000002b14      0x1d5 src/main.o
 .debug_info    0x0000000000002ce9      0x456 src/system_stm32f10x.o
 .debug_info    0x000000000000313f       0x7a startup/startup_stm32.o

.debug_abbrev   0x0000000000000000      0xc0f
 .debug_abbrev  0x0000000000000000      0x184 StdPeriph_Driver/src/misc.o
 .debug_abbrev  0x0000000000000184      0x209 StdPeriph_Driver/src/stm32f10x_can.o
 .debug_abbrev  0x000000000000038d      0x1e0 StdPeriph_Driver/src/stm32f10x_gpio.o
 .debug_abbrev  0x000000000000056d      0x1d2 StdPeriph_Driver/src/stm32f10x_rcc.o
 .debug_abbrev  0x000000000000073f      0x232 src/can.o
 .debug_abbrev  0x0000000000000971       0xf0 src/main.o
 .debug_abbrev  0x0000000000000a61      0x19c src/system_stm32f10x.o
 .debug_abbrev  0x0000000000000bfd       0x12 startup/startup_stm32.o

.debug_aranges  0x0000000000000000      0x3c0
 .debug_aranges
                0x0000000000000000       0x40 StdPeriph_Driver/src/misc.o
 .debug_aranges
                0x0000000000000040       0xe0 StdPeriph_Driver/src/stm32f10x_can.o
 .debug_aranges
                0x0000000000000120       0xa8 StdPeriph_Driver/src/stm32f10x_gpio.o
 .debug_aranges
                0x00000000000001c8      0x118 StdPeriph_Driver/src/stm32f10x_rcc.o
 .debug_aranges
                0x00000000000002e0       0x58 src/can.o
 .debug_aranges
                0x0000000000000338       0x28 src/main.o
 .debug_aranges
                0x0000000000000360       0x38 src/system_stm32f10x.o
 .debug_aranges
                0x0000000000000398       0x28 startup/startup_stm32.o

.debug_ranges   0x0000000000000000      0x348
 .debug_ranges  0x0000000000000000       0x30 StdPeriph_Driver/src/misc.o
 .debug_ranges  0x0000000000000030       0xd0 StdPeriph_Driver/src/stm32f10x_can.o
 .debug_ranges  0x0000000000000100       0x98 StdPeriph_Driver/src/stm32f10x_gpio.o
 .debug_ranges  0x0000000000000198      0x108 StdPeriph_Driver/src/stm32f10x_rcc.o
 .debug_ranges  0x00000000000002a0       0x48 src/can.o
 .debug_ranges  0x00000000000002e8       0x18 src/main.o
 .debug_ranges  0x0000000000000300       0x28 src/system_stm32f10x.o
 .debug_ranges  0x0000000000000328       0x20 startup/startup_stm32.o

.debug_macro    0x0000000000000000     0xcbaf
 .debug_macro   0x0000000000000000      0x18b StdPeriph_Driver/src/misc.o
 .debug_macro   0x000000000000018b       0x56 StdPeriph_Driver/src/misc.o
 .debug_macro   0x00000000000001e1       0x22 StdPeriph_Driver/src/misc.o
 .debug_macro   0x0000000000000203      0x69f StdPeriph_Driver/src/misc.o
 .debug_macro   0x00000000000008a2     0x7e6d StdPeriph_Driver/src/misc.o
 .debug_macro   0x000000000000870f      0x2df StdPeriph_Driver/src/misc.o
 .debug_macro   0x00000000000089ee      0x144 StdPeriph_Driver/src/misc.o
 .debug_macro   0x0000000000008b32      0x3cf StdPeriph_Driver/src/misc.o
 .debug_macro   0x0000000000008f01       0xc8 StdPeriph_Driver/src/misc.o
 .debug_macro   0x0000000000008fc9      0x17a StdPeriph_Driver/src/misc.o
 .debug_macro   0x0000000000009143       0xac StdPeriph_Driver/src/misc.o
 .debug_macro   0x00000000000091ef      0x3ad StdPeriph_Driver/src/misc.o
 .debug_macro   0x000000000000959c       0x9a StdPeriph_Driver/src/misc.o
 .debug_macro   0x0000000000009636      0x2cf StdPeriph_Driver/src/misc.o
 .debug_macro   0x0000000000009905      0x279 StdPeriph_Driver/src/misc.o
 .debug_macro   0x0000000000009b7e      0x2ac StdPeriph_Driver/src/misc.o
 .debug_macro   0x0000000000009e2a      0x2b1 StdPeriph_Driver/src/misc.o
 .debug_macro   0x000000000000a0db       0x64 StdPeriph_Driver/src/misc.o
 .debug_macro   0x000000000000a13f       0x82 StdPeriph_Driver/src/misc.o
 .debug_macro   0x000000000000a1c1      0x3e2 StdPeriph_Driver/src/misc.o
 .debug_macro   0x000000000000a5a3       0x58 StdPeriph_Driver/src/misc.o
 .debug_macro   0x000000000000a5fb      0x341 StdPeriph_Driver/src/misc.o
 .debug_macro   0x000000000000a93c      0x2c4 StdPeriph_Driver/src/misc.o
 .debug_macro   0x000000000000ac00      0x711 StdPeriph_Driver/src/misc.o
 .debug_macro   0x000000000000b311      0x220 StdPeriph_Driver/src/misc.o
 .debug_macro   0x000000000000b531       0x34 StdPeriph_Driver/src/misc.o
 .debug_macro   0x000000000000b565       0x35 StdPeriph_Driver/src/misc.o
 .debug_macro   0x000000000000b59a       0x85 StdPeriph_Driver/src/misc.o
 .debug_macro   0x000000000000b61f      0x1dd StdPeriph_Driver/src/stm32f10x_can.o
 .debug_macro   0x000000000000b7fc      0x3c9 StdPeriph_Driver/src/stm32f10x_can.o
 .debug_macro   0x000000000000bbc5      0x1d7 StdPeriph_Driver/src/stm32f10x_gpio.o
 .debug_macro   0x000000000000bd9c      0x2a6 StdPeriph_Driver/src/stm32f10x_gpio.o
 .debug_macro   0x000000000000c042      0x2a1 StdPeriph_Driver/src/stm32f10x_rcc.o
 .debug_macro   0x000000000000c2e3      0x3dc StdPeriph_Driver/src/stm32f10x_rcc.o
 .debug_macro   0x000000000000c6bf      0x194 src/can.o
 .debug_macro   0x000000000000c853       0x4c src/can.o
 .debug_macro   0x000000000000c89f      0x188 src/main.o
 .debug_macro   0x000000000000ca27      0x188 src/system_stm32f10x.o

.debug_line     0x0000000000000000     0x3401
 .debug_line    0x0000000000000000      0x627 StdPeriph_Driver/src/misc.o
 .debug_line    0x0000000000000627      0x945 StdPeriph_Driver/src/stm32f10x_can.o
 .debug_line    0x0000000000000f6c      0x7aa StdPeriph_Driver/src/stm32f10x_gpio.o
 .debug_line    0x0000000000001716      0x8a6 StdPeriph_Driver/src/stm32f10x_rcc.o
 .debug_line    0x0000000000001fbc      0x73b src/can.o
 .debug_line    0x00000000000026f7      0x62f src/main.o
 .debug_line    0x0000000000002d26      0x65f src/system_stm32f10x.o
 .debug_line    0x0000000000003385       0x7c startup/startup_stm32.o

.debug_str      0x0000000000000000    0x4ee47
 .debug_str     0x0000000000000000    0x4cf7a StdPeriph_Driver/src/misc.o
                                      0x4d0e6 (size before relaxing)
 .debug_str     0x000000000004cf7a      0x712 StdPeriph_Driver/src/stm32f10x_can.o
                                      0x4d61e (size before relaxing)
 .debug_str     0x000000000004d68c      0x5ab StdPeriph_Driver/src/stm32f10x_gpio.o
                                      0x4d45e (size before relaxing)
 .debug_str     0x000000000004dc37      0xb59 StdPeriph_Driver/src/stm32f10x_rcc.o
                                      0x4da44 (size before relaxing)
 .debug_str     0x000000000004e790      0x5d8 src/can.o
                                      0x4d8a2 (size before relaxing)
 .debug_str     0x000000000004ed68       0x35 src/main.o
                                      0x4d07f (size before relaxing)
 .debug_str     0x000000000004ed9d       0xaa src/system_stm32f10x.o
                                      0x4cff2 (size before relaxing)

.comment        0x0000000000000000       0x7f
 .comment       0x0000000000000000       0x7f StdPeriph_Driver/src/misc.o
                                         0x80 (size before relaxing)
 .comment       0x000000000000007f       0x80 StdPeriph_Driver/src/stm32f10x_can.o
 .comment       0x000000000000007f       0x80 StdPeriph_Driver/src/stm32f10x_gpio.o
 .comment       0x000000000000007f       0x80 StdPeriph_Driver/src/stm32f10x_rcc.o
 .comment       0x000000000000007f       0x80 src/can.o
 .comment       0x000000000000007f       0x80 src/main.o
 .comment       0x000000000000007f       0x80 src/system_stm32f10x.o

.debug_frame    0x0000000000000000     0x1064
 .debug_frame   0x0000000000000000       0xd8 StdPeriph_Driver/src/misc.o
 .debug_frame   0x00000000000000d8      0x3f0 StdPeriph_Driver/src/stm32f10x_can.o
 .debug_frame   0x00000000000004c8      0x2d0 StdPeriph_Driver/src/stm32f10x_gpio.o
 .debug_frame   0x0000000000000798      0x4f4 StdPeriph_Driver/src/stm32f10x_rcc.o
 .debug_frame   0x0000000000000c8c      0x12c src/can.o
 .debug_frame   0x0000000000000db8       0x54 src/main.o
 .debug_frame   0x0000000000000e0c       0x98 src/system_stm32f10x.o
 .debug_frame   0x0000000000000ea4       0x2c /home/user/Ac6/SystemWorkbench/plugins/fr.ac6.mcu.externaltools.arm-none.linux64_1.15.0.201708311556/tools/compiler/bin/../lib/gcc/arm-none-eabi/6.3.1/../../../../arm-none-eabi/lib/thumb/v7-m/libc.a(lib_a-init.o)
 .debug_frame   0x0000000000000ed0       0x5c /home/user/Ac6/SystemWorkbench/plugins/fr.ac6.mcu.externaltools.arm-none.linux64_1.15.0.201708311556/tools/compiler/bin/../lib/gcc/arm-none-eabi/6.3.1/../../../../arm-none-eabi/lib/thumb/v7-m/libc.a(lib_a-__call_atexit.o)
 .debug_frame   0x0000000000000f2c       0x20 /home/user/Ac6/SystemWorkbench/plugins/fr.ac6.mcu.externaltools.arm-none.linux64_1.15.0.201708311556/tools/compiler/bin/../lib/gcc/arm-none-eabi/6.3.1/../../../../arm-none-eabi/lib/thumb/v7-m/libc.a(lib_a-atexit.o)
 .debug_frame   0x0000000000000f4c       0x34 /home/user/Ac6/SystemWorkbench/plugins/fr.ac6.mcu.externaltools.arm-none.linux64_1.15.0.201708311556/tools/compiler/bin/../lib/gcc/arm-none-eabi/6.3.1/../../../../arm-none-eabi/lib/thumb/v7-m/libc.a(lib_a-fini.o)
 .debug_frame   0x0000000000000f80       0xb0 /home/user/Ac6/SystemWorkbench/plugins/fr.ac6.mcu.externaltools.arm-none.linux64_1.15.0.201708311556/tools/compiler/bin/../lib/gcc/arm-none-eabi/6.3.1/../../../../arm-none-eabi/lib/thumb/v7-m/libc.a(lib_a-lock.o)
 .debug_frame   0x0000000000001030       0x34 /home/user/Ac6/SystemWorkbench/plugins/fr.ac6.mcu.externaltools.arm-none.linux64_1.15.0.201708311556/tools/compiler/bin/../lib/gcc/arm-none-eabi/6.3.1/../../../../arm-none-eabi/lib/thumb/v7-m/libc.a(lib_a-__atexit.o)
